Component: ARM Compiler 5.06 update 6 (build 750) Tool: armlink [4d35ed]

==============================================================================

Section Cross References

    stm32f4xx_ll_usb.o(i.USB_ActivateDedicatedEndpoint) refers to stm32f4xx_ll_usb.o(.data) for .data
    stm32f4xx_ll_usb.o(i.USB_CoreInit) refers to stm32f4xx_ll_usb.o(i.USB_CoreReset) for USB_CoreReset
    stm32f4xx_ll_usb.o(i.USB_DevConnect) refers to stm32f4xx_hal.o(i.HAL_Delay) for HAL_Delay
    stm32f4xx_ll_usb.o(i.USB_DevDisconnect) refers to stm32f4xx_hal.o(i.HAL_Delay) for HAL_Delay
    stm32f4xx_ll_usb.o(i.USB_DevInit) refers to stm32f4xx_ll_usb.o(i.USB_FlushTxFifo) for USB_FlushTxFifo
    stm32f4xx_ll_usb.o(i.USB_DevInit) refers to stm32f4xx_ll_usb.o(i.USB_FlushRxFifo) for USB_FlushRxFifo
    stm32f4xx_ll_usb.o(i.USB_EPStartXfer) refers to stm32f4xx_ll_usb.o(i.USB_WritePacket) for USB_WritePacket
    stm32f4xx_ll_usb.o(i.USB_HC_StartXfer) refers to stm32f4xx_ll_usb.o(i.USB_DoPing) for USB_DoPing
    stm32f4xx_ll_usb.o(i.USB_HC_StartXfer) refers to stm32f4xx_ll_usb.o(i.USB_WritePacket) for USB_WritePacket
    stm32f4xx_ll_usb.o(i.USB_HostInit) refers to stm32f4xx_ll_usb.o(i.USB_FlushTxFifo) for USB_FlushTxFifo
    stm32f4xx_ll_usb.o(i.USB_HostInit) refers to stm32f4xx_ll_usb.o(i.USB_FlushRxFifo) for USB_FlushRxFifo
    stm32f4xx_ll_usb.o(i.USB_HostInit) refers to stm32f4xx_ll_usb.o(i.USB_DriveVbus) for USB_DriveVbus
    stm32f4xx_ll_usb.o(i.USB_HostInit) refers to stm32f4xx_hal.o(i.HAL_Delay) for HAL_Delay
    stm32f4xx_ll_usb.o(i.USB_ResetPort) refers to stm32f4xx_hal.o(i.HAL_Delay) for HAL_Delay
    stm32f4xx_ll_usb.o(i.USB_SetCurrentMode) refers to stm32f4xx_hal.o(i.HAL_Delay) for HAL_Delay
    stm32f4xx_ll_usb.o(i.USB_StopDevice) refers to stm32f4xx_ll_usb.o(i.USB_FlushRxFifo) for USB_FlushRxFifo
    stm32f4xx_ll_usb.o(i.USB_StopDevice) refers to stm32f4xx_ll_usb.o(i.USB_FlushTxFifo) for USB_FlushTxFifo
    stm32f4xx_ll_usb.o(i.USB_StopHost) refers to stm32f4xx_ll_usb.o(i.USB_FlushTxFifo) for USB_FlushTxFifo
    stm32f4xx_ll_usb.o(i.USB_StopHost) refers to stm32f4xx_ll_usb.o(i.USB_FlushRxFifo) for USB_FlushRxFifo
    stm32f4xx_hal_gpio.o(i.HAL_GPIO_EXTI_IRQHandler) refers to main.o(i.HAL_GPIO_EXTI_Callback) for HAL_GPIO_EXTI_Callback
    stm32f4xx_hal_cortex.o(i.HAL_NVIC_SetPriority) refers to stm32f4xx_hal_cortex.o(i.NVIC_SetPriority) for NVIC_SetPriority
    stm32f4xx_hal_cortex.o(i.HAL_SYSTICK_Config) refers to stm32f4xx_hal_cortex.o(i.NVIC_SetPriority) for NVIC_SetPriority
    stm32f4xx_hal_cortex.o(i.HAL_SYSTICK_IRQHandler) refers to stm32f4xx_hal_cortex.o(i.HAL_SYSTICK_Callback) for HAL_SYSTICK_Callback
    stm32f4xx_hal_flash_ex.o(i.HAL_FLASHEx_Erase) refers to stm32f4xx_hal_flash.o(i.FLASH_WaitForLastOperation) for FLASH_WaitForLastOperation
    stm32f4xx_hal_flash_ex.o(i.HAL_FLASHEx_Erase) refers to stm32f4xx_hal_flash_ex.o(i.FLASH_MassErase) for FLASH_MassErase
    stm32f4xx_hal_flash_ex.o(i.HAL_FLASHEx_Erase) refers to stm32f4xx_hal_flash_ex.o(i.FLASH_Erase_Sector) for FLASH_Erase_Sector
    stm32f4xx_hal_flash_ex.o(i.HAL_FLASHEx_Erase) refers to stm32f4xx_hal_flash_ex.o(i.FLASH_FlushCaches) for FLASH_FlushCaches
    stm32f4xx_hal_flash_ex.o(i.HAL_FLASHEx_Erase) refers to stm32f4xx_hal_flash.o(.bss) for pFlash
    stm32f4xx_hal_flash_ex.o(i.HAL_FLASHEx_Erase_IT) refers to stm32f4xx_hal_flash_ex.o(i.FLASH_Erase_Sector) for FLASH_Erase_Sector
    stm32f4xx_hal_flash_ex.o(i.HAL_FLASHEx_Erase_IT) refers to stm32f4xx_hal_flash_ex.o(i.FLASH_MassErase) for FLASH_MassErase
    stm32f4xx_hal_flash_ex.o(i.HAL_FLASHEx_Erase_IT) refers to stm32f4xx_hal_flash.o(.bss) for pFlash
    stm32f4xx_hal_flash_ex.o(i.HAL_FLASHEx_OBProgram) refers to stm32f4xx_hal_flash.o(i.FLASH_WaitForLastOperation) for FLASH_WaitForLastOperation
    stm32f4xx_hal_flash_ex.o(i.HAL_FLASHEx_OBProgram) refers to stm32f4xx_hal_flash.o(.bss) for pFlash
    stm32f4xx_hal_dma.o(i.DMA_CalcBaseAndBitshift) refers to stm32f4xx_hal_dma.o(.constdata) for .constdata
    stm32f4xx_hal_dma.o(i.HAL_DMA_Abort) refers to stm32f4xx_hal.o(i.HAL_GetTick) for HAL_GetTick
    stm32f4xx_hal_dma.o(i.HAL_DMA_DeInit) refers to stm32f4xx_hal_dma.o(i.DMA_CalcBaseAndBitshift) for DMA_CalcBaseAndBitshift
    stm32f4xx_hal_dma.o(i.HAL_DMA_IRQHandler) refers to system_stm32f4xx.o(.data) for SystemCoreClock
    stm32f4xx_hal_dma.o(i.HAL_DMA_Init) refers to stm32f4xx_hal.o(i.HAL_GetTick) for HAL_GetTick
    stm32f4xx_hal_dma.o(i.HAL_DMA_Init) refers to stm32f4xx_hal_dma.o(i.DMA_CheckFifoParam) for DMA_CheckFifoParam
    stm32f4xx_hal_dma.o(i.HAL_DMA_Init) refers to stm32f4xx_hal_dma.o(i.DMA_CalcBaseAndBitshift) for DMA_CalcBaseAndBitshift
    stm32f4xx_hal_dma.o(i.HAL_DMA_PollForTransfer) refers to stm32f4xx_hal.o(i.HAL_GetTick) for HAL_GetTick
    stm32f4xx_hal_dma.o(i.HAL_DMA_PollForTransfer) refers to stm32f4xx_hal_dma.o(i.HAL_DMA_Abort) for HAL_DMA_Abort
    stm32f4xx_hal_dma.o(i.HAL_DMA_Start) refers to stm32f4xx_hal_dma.o(i.DMA_SetConfig) for DMA_SetConfig
[...]
    .ARM.Collect$$$$00000000                 0x08000188   Section        0  entry.o(.ARM.Collect$$$$00000000)
    .ARM.Collect$$$$00000001                 0x08000188   Section        4  entry2.o(.ARM.Collect$$$$00000001)
    .ARM.Collect$$$$00000004                 0x0800018c   Section        4  entry5.o(.ARM.Collect$$$$00000004)
    .ARM.Collect$$$$00000008                 0x08000190   Section        0  entry7b.o(.ARM.Collect$$$$00000008)
    .ARM.Collect$$$$0000000A                 0x08000190   Section        0  entry8b.o(.ARM.Collect$$$$0000000A)
    .ARM.Collect$$$$0000000B                 0x08000190   Section        8  entry9a.o(.ARM.Collect$$$$0000000B)
    .ARM.Collect$$$$0000000D                 0x08000198   Section        0  entry10a.o(.ARM.Collect$$$$0000000D)
    .ARM.Collect$$$$0000000F                 0x08000198   Section        0  entry11a.o(.ARM.Collect$$$$0000000F)
    .ARM.Collect$$$$00002712                 0x08000198   Section        4  entry2.o(.ARM.Collect$$$$00002712)
    __lit__00000000                          0x08000198   Data           4  entry2.o(.ARM.Collect$$$$00002712)
    .text                                    0x0800019c   Section       36  startup_stm32f407xx.o(.text)
    $v0                                      0x0800019c   Number         0  startup_stm32f407xx.o(.text)
    .text                                    0x080001c0   Section        0  memcpya.o(.text)
    .text                                    0x080001e4   Section        0  strlen.o(.text)
    .text                                    0x080001f2   Section        0  uidiv.o(.text)
    .text                                    0x08000220   Section       36  init.o(.text)
    .text                                    0x08000244   Section        0  __dczerorl2.o(.text)
    i.BusFault_Handler                       0x0800029a   Section        0  stm32f4xx_it.o(i.BusFault_Handler)
    i.CDC_Control_FS                         0x0800029c   Section        0  usbd_cdc_if.o(i.CDC_Control_FS)
    CDC_Control_FS                           0x0800029d   Thumb Code     4  usbd_cdc_if.o(i.CDC_Control_FS)
    i.CDC_DeInit_FS                          0x080002a0   Section        0  usbd_cdc_if.o(i.CDC_DeInit_FS)
    CDC_DeInit_FS                            0x080002a1   Thumb Code     4  usbd_cdc_if.o(i.CDC_DeInit_FS)
    i.CDC_Init_FS                            0x080002a4   Section        0  usbd_cdc_if.o(i.CDC_Init_FS)
    CDC_Init_FS                              0x080002a5   Thumb Code    26  usbd_cdc_if.o(i.CDC_Init_FS)
    i.CDC_Receive_FS                         0x080002c8   Section        0  usbd_cdc_if.o(i.CDC_Receive_FS)
    CDC_Receive_FS                           0x080002c9   Thumb Code    20  usbd_cdc_if.o(i.CDC_Receive_FS)
    i.CDC_Transmit_FS                        0x080002e0   Section        0  usbd_cdc_if.o(i.CDC_Transmit_FS)
    i.DebugMon_Handler                       0x0800031c   Section        0  stm32f4xx_it.o(i.DebugMon_Handler)
    i.EXTI0_IRQHandler                       0x0800031e   Section        0  stm32f4xx_it.o(i.EXTI0_IRQHandler)
    i.Error_Handler                          0x08000324   Section        0  main.o(i.Error_Handler)
    i.HAL_Delay                              0x08000326   Section        0  stm32f4xx_hal.o(i.HAL_Delay)
    i.HAL_GPIO_EXTI_Callback                 0x0800033c   Section        0  main.o(i.HAL_GPIO_EXTI_Callback)
    i.HAL_GPIO_EXTI_IRQHandler               0x08000350   Section        0  stm32f4xx_hal_gpio.o(i.HAL_GPIO_EXTI_IRQHandler)
    i.HAL_GPIO_Init                          0x08000368   Section        0  stm32f4xx_hal_gpio.o(i.HAL_GPIO_Init)
    i.HAL_GetTick                            0x08000518   Section        0  stm32f4xx_hal.o(i.HAL_GetTick)
    i.HAL_IncTick                            0x08000524   Section        0  stm32f4xx_hal.o(i.HAL_IncTick)
    i.HAL_Init                               0x08000534   Section        0  stm32f4xx_hal.o(i.HAL_Init)
    i.HAL_InitTick                           0x08000568   Section        0  stm32f4xx_hal.o(i.HAL_InitTick)
    i.HAL_MspInit                            0x08000590   Section        0  stm32f4xx_hal_msp.o(i.HAL_MspInit)
    i.HAL_NVIC_EnableIRQ                     0x080005e8   Section        0  stm32f4xx_hal_cortex.o(i.HAL_NVIC_EnableIRQ)
    i.HAL_NVIC_SetPriority                   0x08000600   Section        0  stm32f4xx_hal_cortex.o(i.HAL_NVIC_SetPriority)
    i.HAL_NVIC_SetPriorityGrouping           0x08000640   Section        0  stm32f4xx_hal_cortex.o(i.HAL_NVIC_SetPriorityGrouping)
    i.HAL_PCDEx_SetRxFiFo                    0x08000664   Section        0  stm32f4xx_hal_pcd_ex.o(i.HAL_PCDEx_SetRxFiFo)
    i.HAL_PCDEx_SetTxFiFo                    0x0800066c   Section        0  stm32f4xx_hal_pcd_ex.o(i.HAL_PCDEx_SetTxFiFo)
    i.HAL_PCD_ConnectCallback                0x080006b0   Section        0  usbd_conf.o(i.HAL_PCD_ConnectCallback)
    i.HAL_PCD_DataInStageCallback            0x080006b8   Section        0  usbd_conf.o(i.HAL_PCD_DataInStageCallback)
    i.HAL_PCD_DataOutStageCallback           0x080006ca   Section        0  usbd_conf.o(i.HAL_PCD_DataOutStageCallback)
    i.HAL_PCD_DisconnectCallback             0x080006de   Section        0  usbd_conf.o(i.HAL_PCD_DisconnectCallback)
    i.HAL_PCD_EP_Close                       0x080006e6   Section        0  stm32f4xx_hal_pcd.o(i.HAL_PCD_EP_Close)
    i.HAL_PCD_EP_ClrStall                    0x0800072a   Section        0  stm32f4xx_hal_pcd.o(i.HAL_PCD_EP_ClrStall)
    i.HAL_PCD_EP_GetRxCount                  0x0800077a   Section        0  stm32f4xx_hal_pcd.o(i.HAL_PCD_EP_GetRxCount)
    i.HAL_PCD_EP_Open                        0x0800078e   Section        0  stm32f4xx_hal_pcd.o(i.HAL_PCD_EP_Open)
    i.HAL_PCD_EP_Receive                     0x080007e4   Section        0  stm32f4xx_hal_pcd.o(i.HAL_PCD_EP_Receive)
    i.HAL_PCD_EP_SetStall                    0x08000842   Section        0  stm32f4xx_hal_pcd.o(i.HAL_PCD_EP_SetStall)
    i.HAL_PCD_EP_Transmit                    0x080008a2   Section        0  stm32f4xx_hal_pcd.o(i.HAL_PCD_EP_Transmit)
    i.HAL_PCD_IRQHandler                     0x080008f8   Section        0  stm32f4xx_hal_pcd.o(i.HAL_PCD_IRQHandler)
    i.HAL_PCD_ISOINIncompleteCallback        0x08000cf6   Section        0  usbd_conf.o(i.HAL_PCD_ISOINIncompleteCallback)
    i.HAL_PCD_ISOOUTIncompleteCallback       0x08000cfe   Section        0  usbd_conf.o(i.HAL_PCD_ISOOUTIncompleteCallback)
    i.HAL_PCD_Init                           0x08000d08   Section        0  stm32f4xx_hal_pcd.o(i.HAL_PCD_Init)
    i.HAL_PCD_MspInit                        0x08000dc8   Section        0  usbd_conf.o(i.HAL_PCD_MspInit)
    i.HAL_PCD_ResetCallback                  0x08000e40   Section        0  usbd_conf.o(i.HAL_PCD_ResetCallback)
    i.HAL_PCD_ResumeCallback                 0x08000e60   Section        0  usbd_conf.o(i.HAL_PCD_ResumeCallback)
    i.HAL_PCD_SOFCallback                    0x08000e68   Section        0  usbd_conf.o(i.HAL_PCD_SOFCallback)
    i.HAL_PCD_SetAddress                     0x08000e70   Section        0  stm32f4xx_hal_pcd.o(i.HAL_PCD_SetAddress)
    i.HAL_PCD_SetupStageCallback             0x08000e94   Section        0  usbd_conf.o(i.HAL_PCD_SetupStageCallback)
    i.HAL_PCD_Start                          0x08000ea2   Section        0  stm32f4xx_hal_pcd.o(i.HAL_PCD_Start)
    i.HAL_PCD_SuspendCallback                0x08000ecc   Section        0  usbd_conf.o(i.HAL_PCD_SuspendCallback)
    i.HAL_RCC_ClockConfig                    0x08000efc   Section        0  stm32f4xx_hal_rcc.o(i.HAL_RCC_ClockConfig)
    i.HAL_RCC_GetHCLKFreq                    0x08001078   Section        0  stm32f4xx_hal_rcc.o(i.HAL_RCC_GetHCLKFreq)
    i.HAL_RCC_GetSysClockFreq                0x08001084   Section        0  stm32f4xx_hal_rcc.o(i.HAL_RCC_GetSysClockFreq)
    i.HAL_RCC_OscConfig                      0x080010f4   Section        0  stm32f4xx_hal_rcc.o(i.HAL_RCC_OscConfig)
    i.HAL_SYSTICK_CLKSourceConfig            0x08001408   Section        0  stm32f4xx_hal_cortex.o(i.HAL_SYSTICK_CLKSourceConfig)
    i.HAL_SYSTICK_Callback                   0x08001420   Section        0  stm32f4xx_hal_cortex.o(i.HAL_SYSTICK_Callback)
    i.HAL_SYSTICK_Config                     0x08001422   Section        0  stm32f4xx_hal_cortex.o(i.HAL_SYSTICK_Config)
    i.HAL_SYSTICK_IRQHandler                 0x0800144a   Section        0  stm32f4xx_hal_cortex.o(i.HAL_SYSTICK_IRQHandler)
    i.HAL_TIMEx_BreakCallback                0x08001452   Section        0  stm32f4xx_hal_tim_ex.o(i.HAL_TIMEx_BreakCallback)
    i.HAL_TIMEx_CommutationCallback          0x08001454   Section        0  stm32f4xx_hal_tim_ex.o(i.HAL_TIMEx_CommutationCallback)
    i.HAL_TIM_Encoder_Init                   0x08001456   Section        0  stm32f4xx_hal_tim.o(i.HAL_TIM_Encoder_Init)
    i.HAL_TIM_Encoder_MspInit                0x080014ec   Section        0  main.o(i.HAL_TIM_Encoder_MspInit)
    i.HAL_TIM_Encoder_Start                  0x080015a0   Section        0  stm32f4xx_hal_tim.o(i.HAL_TIM_Encoder_Start)
    i.HAL_TIM_Encoder_Start_IT               0x080015d4   Section        0  stm32f4xx_hal_tim.o(i.HAL_TIM_Encoder_Start_IT)
    i.HAL_TIM_IC_CaptureCallback             0x08001630   Section        0  stm32f4xx_hal_tim.o(i.HAL_TIM_IC_CaptureCallback)
    i.HAL_TIM_IRQHandler                     0x08001632   Section        0  stm32f4xx_hal_tim.o(i.HAL_TIM_IRQHandler)
    i.HAL_TIM_OC_DelayElapsedCallback        0x08001798   Section        0  stm32f4xx_hal_tim.o(i.HAL_TIM_OC_DelayElapsedCallback)
    i.HAL_TIM_PWM_PulseFinishedCallback      0x0800179a   Section        0  stm32f4xx_hal_tim.o(i.HAL_TIM_PWM_PulseFinishedCallback)
    i.HAL_TIM_PeriodElapsedCallback          0x0800179c   Section        0  main.o(i.HAL_TIM_PeriodElapsedCallback)
    i.HAL_TIM_TriggerCallback                0x080017dc   Section        0  stm32f4xx_hal_tim.o(i.HAL_TIM_TriggerCallback)
    i.HardFault_Handler                      0x080017de   Section        0  stm32f4xx_it.o(i.HardFault_Handler)
    i.MX_USB_DEVICE_Init                     0x080017e0   Section        0  usb_device.o(i.MX_USB_DEVICE_Init)
    i.MemManage_Handler                      0x08001818   Section        0  stm32f4xx_it.o(i.MemManage_Handler)
    i.NMI_Handler                            0x0800181a   Section        0  stm32f4xx_it.o(i.NMI_Handler)
    i.NVIC_SetPriority                       0x0800181c   Section        0  stm32f4xx_hal_cortex.o(i.NVIC_SetPriority)
    NVIC_SetPriority                         0x0800181d   Thumb Code    32  stm32f4xx_hal_cortex.o(i.NVIC_SetPriority)
    i.OTG_FS_IRQHandler                      0x0800183c   Section        0  stm32f4xx_it.o(i.OTG_FS_IRQHandler)
    i.PCD_WriteEmptyTxFifo                   0x08001848   Section        0  stm32f4xx_hal_pcd.o(i.PCD_WriteEmptyTxFifo)
    PCD_WriteEmptyTxFifo                     0x08001849   Thumb Code   136  stm32f4xx_hal_pcd.o(i.PCD_WriteEmptyTxFifo)
    i.PendSV_Handler                         0x080018d0   Section        0  stm32f4xx_it.o(i.PendSV_Handler)
    i.SVC_Handler                            0x080018d2   Section        0  stm32f4xx_it.o(i.SVC_Handler)
    i.SysTick_Handler                        0x080018d4   Section        0  stm32f4xx_it.o(i.SysTick_Handler)
    i.SystemClock_Config                     0x080018e4   Section        0  main.o(i.SystemClock_Config)
    i.SystemInit                             0x08001980   Section        0  system_stm32f4xx.o(i.SystemInit)
    i.TIM1_Config                            0x080019d4   Section        0  main.o(i.TIM1_Config)
    TIM1_Config                              0x080019d5   Thumb Code   120  main.o(i.TIM1_Config)
    i.TIM1_UP_TIM10_IRQHandler               0x08001a58   Section        0  stm32f4xx_it.o(i.TIM1_UP_TIM10_IRQHandler)
    i.TIM3_Config                            0x08001a64   Section        0  main.o(i.TIM3_Config)
    TIM3_Config                              0x08001a65   Thumb Code   116  main.o(i.TIM3_Config)
    i.TIM3_IRQHandler                        0x08001ae0   Section        0  main.o(i.TIM3_IRQHandler)
    i.TIM_Base_SetConfig                     0x08001aec   Section        0  stm32f4xx_hal_tim.o(i.TIM_Base_SetConfig)
    i.TIM_CCxChannelCmd                      0x08001bac   Section        0  stm32f4xx_hal_tim.o(i.TIM_CCxChannelCmd)
    i.USBD_CDC_DataIn                        0x08001bc2   Section        0  usbd_cdc.o(i.USBD_CDC_DataIn)
    USBD_CDC_DataIn                          0x08001bc3   Thumb Code    20  usbd_cdc.o(i.USBD_CDC_DataIn)
    i.USBD_CDC_DataOut                       0x08001bd6   Section        0  usbd_cdc.o(i.USBD_CDC_DataOut)
    USBD_CDC_DataOut                         0x08001bd7   Thumb Code    46  usbd_cdc.o(i.USBD_CDC_DataOut)
    i.USBD_CDC_DeInit                        0x08001c04   Section        0  usbd_cdc.o(i.USBD_CDC_DeInit)
    USBD_CDC_DeInit                          0x08001c05   Thumb Code    60  usbd_cdc.o(i.USBD_CDC_DeInit)
    i.USBD_CDC_EP0_RxReady                   0x08001c40   Section        0  usbd_cdc.o(i.USBD_CDC_EP0_RxReady)
    USBD_CDC_EP0_RxReady                     0x08001c41   Thumb Code    36  usbd_cdc.o(i.USBD_CDC_EP0_RxReady)
    i.USBD_CDC_GetDeviceQualifierDescriptor  0x08001c64   Section        0  usbd_cdc.o(i.USBD_CDC_GetDeviceQualifierDescriptor)
    i.USBD_CDC_GetFSCfgDesc                  0x08001c70   Section        0  usbd_cdc.o(i.USBD_CDC_GetFSCfgDesc)
    USBD_CDC_GetFSCfgDesc                    0x08001c71   Thumb Code     8  usbd_cdc.o(i.USBD_CDC_GetFSCfgDesc)
    i.USBD_CDC_GetHSCfgDesc                  0x08001c7c   Section        0  usbd_cdc.o(i.USBD_CDC_GetHSCfgDesc)
    USBD_CDC_GetHSCfgDesc                    0x08001c7d   Thumb Code     8  usbd_cdc.o(i.USBD_CDC_GetHSCfgDesc)
    i.USBD_CDC_GetOtherSpeedCfgDesc          0x08001c88   Section        0  usbd_cdc.o(i.USBD_CDC_GetOtherSpeedCfgDesc)
    USBD_CDC_GetOtherSpeedCfgDesc            0x08001c89   Thumb Code     8  usbd_cdc.o(i.USBD_CDC_GetOtherSpeedCfgDesc)
    i.USBD_CDC_Init                          0x08001c94   Section        0  usbd_cdc.o(i.USBD_CDC_Init)
    USBD_CDC_Init                            0x08001c95   Thumb Code   136  usbd_cdc.o(i.USBD_CDC_Init)
    i.USBD_CDC_ReceivePacket                 0x08001d1c   Section        0  usbd_cdc.o(i.USBD_CDC_ReceivePacket)
    i.USBD_CDC_RegisterInterface             0x08001d44   Section        0  usbd_cdc.o(i.USBD_CDC_RegisterInterface)
    i.USBD_CDC_SetRxBuffer                   0x08001d54   Section        0  usbd_cdc.o(i.USBD_CDC_SetRxBuffer)
    i.USBD_CDC_SetTxBuffer                   0x08001d60   Section        0  usbd_cdc.o(i.USBD_CDC_SetTxBuffer)
    i.USBD_CDC_Setup                         0x08001d70   Section        0  usbd_cdc.o(i.USBD_CDC_Setup)
    USBD_CDC_Setup                           0x08001d71   Thumb Code   106  usbd_cdc.o(i.USBD_CDC_Setup)
    i.USBD_CDC_TransmitPacket                0x08001de0   Section        0  usbd_cdc.o(i.USBD_CDC_TransmitPacket)
    i.USBD_ClrClassConfig                    0x08001e10   Section        0  usbd_core.o(i.USBD_ClrClassConfig)
    i.USBD_CtlContinueRx                     0x08001e1e   Section        0  usbd_ioreq.o(i.USBD_CtlContinueRx)
    i.USBD_CtlContinueSendData               0x08001e2e   Section        0  usbd_ioreq.o(i.USBD_CtlContinueSendData)
    i.USBD_CtlError                          0x08001e3e   Section        0  usbd_ctlreq.o(i.USBD_CtlError)
    i.USBD_CtlPrepareRx                      0x08001e54   Section        0  usbd_ioreq.o(i.USBD_CtlPrepareRx)
    i.USBD_CtlReceiveStatus                  0x08001e72   Section        0  usbd_ioreq.o(i.USBD_CtlReceiveStatus)
    i.USBD_CtlSendData                       0x08001e88   Section        0  usbd_ioreq.o(i.USBD_CtlSendData)
    i.USBD_CtlSendStatus                     0x08001ea2   Section        0  usbd_ioreq.o(i.USBD_CtlSendStatus)
    i.USBD_FS_ConfigStrDescriptor            0x08001eb8   Section        0  usbd_desc.o(i.USBD_FS_ConfigStrDescriptor)
    i.USBD_FS_DeviceDescriptor               0x08001ed8   Section        0  usbd_desc.o(i.USBD_FS_DeviceDescriptor)
    i.USBD_FS_InterfaceStrDescriptor         0x08001ee4   Section        0  usbd_desc.o(i.USBD_FS_InterfaceStrDescriptor)
    i.USBD_FS_LangIDStrDescriptor            0x08001f08   Section        0  usbd_desc.o(i.USBD_FS_LangIDStrDescriptor)
    i.USBD_FS_ManufacturerStrDescriptor      0x08001f14   Section        0  usbd_desc.o(i.USBD_FS_ManufacturerStrDescriptor)
    i.USBD_FS_ProductStrDescriptor           0x08001f3c   Section        0  usbd_desc.o(i.USBD_FS_ProductStrDescriptor)
    i.USBD_FS_SerialStrDescriptor            0x08001f68   Section        0  usbd_desc.o(i.USBD_FS_SerialStrDescriptor)
    i.USBD_GetDescriptor                     0x08001f8c   Section        0  usbd_ctlreq.o(i.USBD_GetDescriptor)
    USBD_GetDescriptor                       0x08001f8d   Thumb Code   224  usbd_ctlreq.o(i.USBD_GetDescriptor)
    i.USBD_GetString                         0x0800206c   Section        0  usbd_ctlreq.o(i.USBD_GetString)
    i.USBD_Init                              0x080020b2   Section        0  usbd_core.o(i.USBD_Init)
    i.USBD_LL_ClearStallEP                   0x080020dc   Section        0  usbd_conf.o(i.USBD_LL_ClearStallEP)
    i.USBD_LL_CloseEP                        0x080020fc   Section        0  usbd_conf.o(i.USBD_LL_CloseEP)
    i.USBD_LL_DataInStage                    0x0800211c   Section        0  usbd_core.o(i.USBD_LL_DataInStage)
    i.USBD_LL_DataOutStage                   0x080021c6   Section        0  usbd_core.o(i.USBD_LL_DataOutStage)
    i.USBD_LL_DevConnected                   0x08002230   Section        0  usbd_core.o(i.USBD_LL_DevConnected)
    i.USBD_LL_DevDisconnected                0x08002234   Section        0  usbd_core.o(i.USBD_LL_DevDisconnected)
    i.USBD_LL_GetRxDataSize                  0x0800224a   Section        0  usbd_conf.o(i.USBD_LL_GetRxDataSize)
    i.USBD_LL_Init                           0x08002254   Section        0  usbd_conf.o(i.USBD_LL_Init)
    i.USBD_LL_IsStallEP                      0x080022b8   Section        0  usbd_conf.o(i.USBD_LL_IsStallEP)
    i.USBD_LL_IsoINIncomplete                0x080022d8   Section        0  usbd_core.o(i.USBD_LL_IsoINIncomplete)
    i.USBD_LL_IsoOUTIncomplete               0x080022dc   Section        0  usbd_core.o(i.USBD_LL_IsoOUTIncomplete)
    i.USBD_LL_OpenEP                         0x080022e0   Section        0  usbd_conf.o(i.USBD_LL_OpenEP)
    i.USBD_LL_PrepareReceive                 0x08002306   Section        0  usbd_conf.o(i.USBD_LL_PrepareReceive)
    i.USBD_LL_Reset                          0x08002326   Section        0  usbd_core.o(i.USBD_LL_Reset)
    i.USBD_LL_Resume                         0x08002364   Section        0  usbd_core.o(i.USBD_LL_Resume)
    i.USBD_LL_SOF                            0x08002370   Section        0  usbd_core.o(i.USBD_LL_SOF)
    i.USBD_LL_SetSpeed                       0x08002388   Section        0  usbd_core.o(i.USBD_LL_SetSpeed)
    i.USBD_LL_SetUSBAddress                  0x0800238e   Section        0  usbd_conf.o(i.USBD_LL_SetUSBAddress)
    i.USBD_LL_SetupStage                     0x080023ae   Section        0  usbd_core.o(i.USBD_LL_SetupStage)
    i.USBD_LL_StallEP                        0x08002408   Section        0  usbd_conf.o(i.USBD_LL_StallEP)
    i.USBD_LL_Start                          0x08002428   Section        0  usbd_conf.o(i.USBD_LL_Start)
    i.USBD_LL_Suspend                        0x08002448   Section        0  usbd_core.o(i.USBD_LL_Suspend)
    i.USBD_LL_Transmit                       0x0800245a   Section        0  usbd_conf.o(i.USBD_LL_Transmit)
    i.USBD_ParseSetupRequest                 0x0800247a   Section        0  usbd_ctlreq.o(i.USBD_ParseSetupRequest)
    i.USBD_RegisterClass                     0x080024a2   Section        0  usbd_core.o(i.USBD_RegisterClass)
    i.USBD_SetClassConfig                    0x080024b2   Section        0  usbd_core.o(i.USBD_SetClassConfig)
    i.USBD_SetConfig                         0x080024c8   Section        0  usbd_ctlreq.o(i.USBD_SetConfig)
    USBD_SetConfig                           0x080024c9   Thumb Code   110  usbd_ctlreq.o(i.USBD_SetConfig)
    i.USBD_Start                             0x0800253c   Section        0  usbd_core.o(i.USBD_Start)
    i.USBD_StdDevReq                         0x08002546   Section        0  usbd_ctlreq.o(i.USBD_StdDevReq)
    i.USBD_StdEPReq                          0x08002638   Section        0  usbd_ctlreq.o(i.USBD_StdEPReq)
    i.USBD_StdItfReq                         0x08002714   Section        0  usbd_ctlreq.o(i.USBD_StdItfReq)
    i.USB_ActivateEndpoint                   0x08002748   Section        0  stm32f4xx_ll_usb.o(i.USB_ActivateEndpoint)
    i.USB_ActivateSetup                      0x080027c8   Section        0  stm32f4xx_ll_usb.o(i.USB_ActivateSetup)
    i.USB_CoreInit                           0x080027fc   Section        0  stm32f4xx_ll_usb.o(i.USB_CoreInit)
    i.USB_CoreReset                          0x08002860   Section        0  stm32f4xx_ll_usb.o(i.USB_CoreReset)
    USB_CoreReset                            0x08002861   Thumb Code    50  stm32f4xx_ll_usb.o(i.USB_CoreReset)
    i.USB_DeactivateEndpoint                 0x08002898   Section        0  stm32f4xx_ll_usb.o(i.USB_DeactivateEndpoint)
    i.USB_DevConnect                         0x08002906   Section        0  stm32f4xx_ll_usb.o(i.USB_DevConnect)
    i.USB_DevDisconnect                      0x0800291e   Section        0  stm32f4xx_ll_usb.o(i.USB_DevDisconnect)
    i.USB_DevInit                            0x08002938   Section        0  stm32f4xx_ll_usb.o(i.USB_DevInit)
    i.USB_DisableGlobalInt                   0x08002a7c   Section        0  stm32f4xx_ll_usb.o(i.USB_DisableGlobalInt)
    i.USB_EP0StartXfer                       0x08002a88   Section        0  stm32f4xx_ll_usb.o(i.USB_EP0StartXfer)
    i.USB_EP0_OutStart                       0x08002bc8   Section        0  stm32f4xx_ll_usb.o(i.USB_EP0_OutStart)
    i.USB_EPClearStall                       0x08002c06   Section        0  stm32f4xx_ll_usb.o(i.USB_EPClearStall)
    i.USB_EPSetStall                         0x08002c6a   Section        0  stm32f4xx_ll_usb.o(i.USB_EPSetStall)
    i.USB_EPStartXfer                        0x08002cc8   Section        0  stm32f4xx_ll_usb.o(i.USB_EPStartXfer)
    i.USB_EnableGlobalInt                    0x08002ee4   Section        0  stm32f4xx_ll_usb.o(i.USB_EnableGlobalInt)
    i.USB_FlushRxFifo                        0x08002ef0   Section        0  stm32f4xx_ll_usb.o(i.USB_FlushRxFifo)
    i.USB_FlushTxFifo                        0x08002f10   Section        0  stm32f4xx_ll_usb.o(i.USB_FlushTxFifo)
    i.USB_GetDevSpeed                        0x08002f34   Section        0  stm32f4xx_ll_usb.o(i.USB_GetDevSpeed)
    i.USB_GetMode                            0x08002f70   Section        0  stm32f4xx_ll_usb.o(i.USB_GetMode)
    i.USB_ReadDevAllInEpInterrupt            0x08002f78   Section        0  stm32f4xx_ll_usb.o(i.USB_ReadDevAllInEpInterrupt)
    i.USB_ReadDevAllOutEpInterrupt           0x08002f86   Section        0  stm32f4xx_ll_usb.o(i.USB_ReadDevAllOutEpInterrupt)
    i.USB_ReadDevInEPInterrupt               0x08002f94   Section        0  stm32f4xx_ll_usb.o(i.USB_ReadDevInEPInterrupt)
    i.USB_ReadDevOutEPInterrupt              0x08002fb2   Section        0  stm32f4xx_ll_usb.o(i.USB_ReadDevOutEPInterrupt)
    i.USB_ReadInterrupts                     0x08002fc2   Section        0  stm32f4xx_ll_usb.o(i.USB_ReadInterrupts)
    i.USB_ReadPacket                         0x08002fca   Section        0  stm32f4xx_ll_usb.o(i.USB_ReadPacket)
    i.USB_SetCurrentMode                     0x08002fea   Section        0  stm32f4xx_ll_usb.o(i.USB_SetCurrentMode)
    i.USB_SetDevAddress                      0x08003016   Section        0  stm32f4xx_ll_usb.o(i.USB_SetDevAddress)
    i.USB_WritePacket                        0x08003038   Section        0  stm32f4xx_ll_usb.o(i.USB_WritePacket)
    i.UsageFault_Handler                     0x08003060   Section        0  stm32f4xx_it.o(i.UsageFault_Handler)
    i.__0sprintf$3                           0x08003064   Section        0  printf3.o(i.__0sprintf$3)
    i.__scatterload_copy                     0x0800308c   Section       14  handlers.o(i.__scatterload_copy)
    i.__scatterload_null                     0x0800309a   Section        2  handlers.o(i.__scatterload_null)
    i.__scatterload_zeroinit                 0x0800309c   Section       14  handlers.o(i.__scatterload_zeroinit)
    i._printf_core                           0x080030ac   Section        0  printf3.o(i._printf_core)
    _printf_core                             0x080030ad   Thumb Code   436  printf3.o(i._printf_core)
    i._sputc                                 0x08003264   Section        0  printf3.o(i._sputc)
    _sputc                                   0x08003265   Thumb Code    10  printf3.o(i._sputc)
    i.free                                   0x08003270   Section        0  malloc.o(i.free)
    i.main                                   0x080032c0   Section        0  main.o(i.main)
    i.malloc                                 0x080033c8   Section        0  malloc.o(i.malloc)
    .constdata                               0x08003434   Section       16  stm32f4xx_hal_rcc.o(.constdata)
    .data                                    0x20000000   Section        4  stm32f4xx_hal.o(.data)
    .data                                    0x20000004   Section        1  usbd_ctlreq.o(.data)
    cfgidx                                   0x20000004   Data           1  usbd_ctlreq.o(.data)
    .data                                    0x20000008   Section      219  usbd_cdc.o(.data)
    ifalt                                    0x20000008   Data           1  usbd_cdc.o(.data)
    USBD_CDC_DeviceQualifierDesc             0x2000000c   Data          10  usbd_cdc.o(.data)
    .data                                    0x200000e4   Section       56  usbd_cdc.o(.data)
    .data                                    0x2000011c   Section        4  system_stm32f4xx.o(.data)
    .data                                    0x20000120   Section       16  usbd_cdc_if.o(.data)
    .data                                    0x20000130   Section       24  main.o(.data)
    .data                                    0x20000148   Section       28  usbd_desc.o(.data)
    .data                                    0x20000164   Section       22  usbd_desc.o(.data)
    .data                                    0x2000017c   Section        4  mvars.o(.data)
    .data                                    0x20000180   Section        4  mvars.o(.data)
    .bss                                     0x20000184   Section      128  usbd_cdc_if.o(.bss)
    .bss                                     0x20000204   Section      548  usb_device.o(.bss)
    .bss                                     0x20000428   Section      120  main.o(.bss)
    .bss                                     0x200004a0   Section      512  usbd_desc.o(.bss)
    .bss                                     0x200006a0   Section     1008  usbd_conf.o(.bss)
    HEAP                                     0x20000a90   Section    16384  startup_stm32f407xx.o(HEAP)
    STACK                                    0x20004a90   Section    32768  startup_stm32f407xx.o(STACK)

    Global Symbols

    Symbol Name                              Value     Ov Type        Size  Object(Section)

    BuildAttributes$$THM_ISAv4$E$P$D$K$B$S$7EM$VFPi3$EXTD16$VFPS$VFMA$PE$A:L22UL41UL21$X:L11$S22US41US21$IEEE1$IW$USESV6$~STKCKD$USESV7$~SHL$OSPACE$ROPI$EBA8$MICROLIB$REQ8$PRES8$EABIv2 0x00000000   Number         0  anon$$obj.o ABSOLUTE
    __ARM_use_no_argv                        0x00000000   Number         0  main.o ABSOLUTE
    _printf_a                                0x00000000   Number         0  stubs.o ABSOLUTE
    _printf_c                                0x00000000   Number         0  stubs.o ABSOLUTE
    _printf_charcount                        0x00000000   Number         0  stubs.o ABSOLUTE
    _printf_d                                0x00000000   Number         0  stubs.o ABSOLUTE
    _printf_e                                0x00000000   Number         0  stubs.o ABSOLUTE
    _printf_f                                0x00000000   Number         0  stubs.o ABSOLUTE
    _printf_flags                            0x00000000   Number         0  stubs.o ABSOLUTE
    _printf_fp_dec                           0x00000000   Number         0  stubs.o ABSOLUTE
    _printf_fp_hex                           0x00000000   Number         0  stubs.o ABSOLUTE
    _printf_g                                0x00000000   Number         0  stubs.o ABSOLUTE
    _printf_i                                0x00000000   Number         0  stubs.o ABSOLUTE
    _printf_int_dec                          0x00000000   Number         0  stubs.o ABSOLUTE
    _printf_l                                0x00000000   Number         0  stubs.o ABSOLUTE
    _printf_lc                               0x00000000   Number         0  stubs.o ABSOLUTE
    _printf_ll                               0x00000000   Number         0  stubs.o ABSOLUTE
    _printf_lld                              0x00000000   Number         0  stubs.o ABSOLUTE
    _printf_lli                              0x00000000   Number         0  stubs.o ABSOLUTE
    _printf_llo                              0x00000000   Number         0  stubs.o ABSOLUTE
    _printf_llu                              0x00000000   Number         0  stubs.o ABSOLUTE
    _printf_llx                              0x00000000   Number         0  stubs.o ABSOLUTE
    _printf_longlong_dec                     0x00000000   Number         0  stubs.o ABSOLUTE
    _printf_longlong_hex                     0x00000000   Number         0  stubs.o ABSOLUTE
    _printf_longlong_oct                     0x00000000   Number         0  stubs.o ABSOLUTE
    _printf_ls                               0x00000000   Number         0  stubs.o ABSOLUTE
    _printf_mbtowc                           0x00000000   Number         0  stubs.o ABSOLUTE
    _printf_n                                0x00000000   Number         0  stubs.o ABSOLUTE
    _printf_o                                0x00000000   Number         0  stubs.o ABSOLUTE
    _printf_p                                0x00000000   Number         0  stubs.o ABSOLUTE
    _printf_percent                          0x00000000   Number         0  stubs.o ABSOLUTE
    _printf_pre_padding                      0x00000000   Number         0  stubs.o ABSOLUTE
    _printf_return_value                     0x00000000   Number         0  stubs.o ABSOLUTE
    _printf_s                                0x00000000   Number         0  stubs.o ABSOLUTE
    _printf_sizespec                         0x00000000   Number         0  stubs.o ABSOLUTE
    _printf_str                              0x00000000   Number         0  stubs.o ABSOLUTE
    _printf_truncate_signed                  0x00000000   Number         0  stubs.o ABSOLUTE
    _printf_truncate_unsigned                0x00000000   Number         0  stubs.o ABSOLUTE
    _printf_u                                0x00000000   Number         0  stubs.o ABSOLUTE
    _printf_wc                               0x00000000   Number         0  stubs.o ABSOLUTE
    _printf_wctomb                           0x00000000   Number         0  stubs.o ABSOLUTE
    _printf_widthprec                        0x00000000   Number         0  stubs.o ABSOLUTE
    _printf_x                                0x00000000   Number         0  stubs.o ABSOLUTE
    __cpp_initialize__aeabi_                  - Undefined Weak Reference
    __cxa_finalize                            - Undefined Weak Reference
    _clock_init                               - Undefined Weak Reference
    _microlib_exit                            - Undefined Weak Reference
    __Vectors_Size                           0x00000188   Number         0  startup_stm32f407xx.o ABSOLUTE
    __Vectors                                0x08000000   Data           4  startup_stm32f407xx.o(RESET)
    __Vectors_End                            0x08000188   Data           0  startup_stm32f407xx.o(RESET)
    __main                                   0x08000189   Thumb Code     0  entry.o(.ARM.Collect$$$$00000000)
    _main_stk                                0x08000189   Thumb Code     0  entry2.o(.ARM.Collect$$$$00000001)
    _main_scatterload                        0x0800018d   Thumb Code     0  entry5.o(.ARM.Collect$$$$00000004)
    __main_after_scatterload                 0x08000191   Thumb Code     0  entry5.o(.ARM.Collect$$$$00000004)
    _main_clock                              0x08000191   Thumb Code     0  entry7b.o(.ARM.Collect$$$$00000008)
    _main_cpp_init                           0x08000191   Thumb Code     0  entry8b.o(.ARM.Collect$$$$0000000A)
    _main_init                               0x08000191   Thumb Code     0  entry9a.o(.ARM.Collect$$$$0000000B)
    __rt_final_cpp                           0x08000199   Thumb Code     0  entry10a.o(.ARM.Collect$$$$0000000D)
    __rt_final_exit                          0x08000199   Thumb Code     0  entry11a.o(.ARM.Collect$$$$0000000F)
    Reset_Handler                            0x0800019d   Thumb Code     8  startup_stm32f407xx.o(.text)
    ADC_IRQHandler                           0x080001b7   Thumb Code     0  startup_stm32f407xx.o(.text)
    CAN1_RX0_IRQHandler                      0x080001b7   Thumb Code     0  startup_stm32f407xx.o(.text)
    CAN1_RX1_IRQHandler                      0x080001b7   Thumb Code     0  startup_stm32f407xx.o(.text)
    CAN1_SCE_IRQHandler                      0x080001b7   Thumb Code     0  startup_stm32f407xx.o(.text)
    CAN1_TX_IRQHandler                       0x080001b7   Thumb Code     0  startup_stm32f407xx.o(.text)
    CAN2_RX0_IRQHandler                      0x080001b7   Thumb Code     0  startup_stm32f407xx.o(.text)
    CAN2_RX1_IRQHandler                      0x080001b7   Thumb Code     0  startup_stm32f407xx.o(.text)
    CAN2_SCE_IRQHandler                      0x080001b7   Thumb Code     0  startup_stm32f407xx.o(.text)
    CAN2_TX_IRQHandler                       0x080001b7   Thumb Code     0  startup_stm32f407xx.o(.text)
    DCMI_IRQHandler                          0x080001b7   Thumb Code     0  startup_stm32f407xx.o(.text)
    DMA1_Stream0_IRQHandler                  0x080001b7   Thumb Code     0  startup_stm32f407xx.o(.text)
    DMA1_Stream1_IRQHandler                  0x080001b7   Thumb Code     0  startup_stm32f407xx.o(.text)
    DMA1_Stream2_IRQHandler                  0x080001b7   Thumb Code     0  startup_stm32f407xx.o(.text)
    DMA1_Stream3_IRQHandler                  0x080001b7   Thumb Code     0  startup_stm32f407xx.o(.text)
    DMA1_Stream4_IRQHandler                  0x080001b7   Thumb Code     0  startup_stm32f407xx.o(.text)
    DMA1_Stream5_IRQHandler                  0x080001b7   Thumb Code     0  startup_stm32f407xx.o(.text)
    DMA1_Stream6_IRQHandler                  0x080001b7   Thumb Code     0  startup_stm32f407xx.o(.text)
    DMA1_Stream7_IRQHandler                  0x080001b7   Thumb Code     0  startup_stm32f407xx.o(.text)
    DMA2_Stream0_IRQHandler                  0x080001b7   Thumb Code     0  startup_stm32f407xx.o(.text)
    DMA2_Stream1_IRQHandler                  0x080001b7   Thumb Code     0  startup_stm32f407xx.o(.text)
    DMA2_Stream2_IRQHandler                  0x080001b7   Thumb Code     0  startup_stm32f407xx.o(.text)
    DMA2_Stream3_IRQHandler                  0x080001b7   Thumb Code     0  startup_stm32f407xx.o(.text)
    DMA2_Stream4_IRQHandler                  0x080001b7   Thumb Code     0  startup_stm32f407xx.o(.text)
    DMA2_Stream5_IRQHandler                  0x080001b7   Thumb Code     0  startup_stm32f407xx.o(.text)
    DMA2_Stream6_IRQHandler                  0x080001b7   Thumb Code     0  startup_stm32f407xx.o(.text)
    DMA2_Stream7_IRQHandler                  0x080001b7   Thumb Code     0  startup_stm32f407xx.o(.text)
    ETH_IRQHandler                           0x080001b7   Thumb Code     0  startup_stm32f407xx.o(.text)
    ETH_WKUP_IRQHandler                      0x080001b7   Thumb Code     0  startup_stm32f407xx.o(.text)
    EXTI15_10_IRQHandler                     0x080001b7   Thumb Code     0  startup_stm32f407xx.o(.text)
    EXTI1_IRQHandler                         0x080001b7   Thumb Code     0  startup_stm32f407xx.o(.text)
    EXTI2_IRQHandler                         0x080001b7   Thumb Code     0  startup_stm32f407xx.o(.text)
    EXTI3_IRQHandler                         0x080001b7   Thumb Code     0  startup_stm32f407xx.o(.text)
    EXTI4_IRQHandler                         0x080001b7   Thumb Code     0  startup_stm32f407xx.o(.text)
    EXTI9_5_IRQHandler                       0x080001b7   Thumb Code     0  startup_stm32f407xx.o(.text)
    FLASH_IRQHandler                         0x080001b7   Thumb Code     0  startup_stm32f407xx.o(.text)
    FMC_IRQHandler                           0x080001b7   Thumb Code     0  startup_stm32f407xx.o(.text)
    FPU_IRQHandler                           0x080001b7   Thumb Code     0  startup_stm32f407xx.o(.text)
    HASH_RNG_IRQHandler                      0x080001b7   Thumb Code     0  startup_stm32f407xx.o(.text)
    I2C1_ER_IRQHandler                       0x080001b7   Thumb Code     0  startup_stm32f407xx.o(.text)
    I2C1_EV_IRQHandler                       0x080001b7   Thumb Code     0  startup_stm32f407xx.o(.text)
    I2C2_ER_IRQHandler                       0x080001b7   Thumb Code     0  startup_stm32f407xx.o(.text)
    I2C2_EV_IRQHandler                       0x080001b7   Thumb Code     0  startup_stm32f407xx.o(.text)
    I2C3_ER_IRQHandler                       0x080001b7   Thumb Code     0  startup_stm32f407xx.o(.text)
    I2C3_EV_IRQHandler                       0x080001b7   Thumb Code     0  startup_stm32f407xx.o(.text)
    OTG_FS_WKUP_IRQHandler                   0x080001b7   Thumb Code     0  startup_stm32f407xx.o(.text)
    OTG_HS_EP1_IN_IRQHandler                 0x080001b7   Thumb Code     0  startup_stm32f407xx.o(.text)
    OTG_HS_EP1_OUT_IRQHandler                0x080001b7   Thumb Code     0  startup_stm32f407xx.o(.text)
    OTG_HS_IRQHandler                        0x080001b7   Thumb Code     0  startup_stm32f407xx.o(.text)
    OTG_HS_WKUP_IRQHandler                   0x080001b7   Thumb Code     0  startup_stm32f407xx.o(.text)
    PVD_IRQHandler                           0x080001b7   Thumb Code     0  startup_stm32f407xx.o(.text)
    RCC_IRQHandler                           0x080001b7   Thumb Code     0  startup_stm32f407xx.o(.text)
    RTC_Alarm_IRQHandler                     0x080001b7   Thumb Code     0  startup_stm32f407xx.o(.text)
    RTC_WKUP_IRQHandler                      0x080001b7   Thumb Code     0  startup_stm32f407xx.o(.text)
    SDIO_IRQHandler                          0x080001b7   Thumb Code     0  startup_stm32f407xx.o(.text)
    SPI1_IRQHandler                          0x080001b7   Thumb Code     0  startup_stm32f407xx.o(.text)
    SPI2_IRQHandler                          0x080001b7   Thumb Code     0  startup_stm32f407xx.o(.text)
    SPI3_IRQHandler                          0x080001b7   Thumb Code     0  startup_stm32f407xx.o(.text)
    TAMP_STAMP_IRQHandler                    0x080001b7   Thumb Code     0  startup_stm32f407xx.o(.text)
    TIM1_BRK_TIM9_IRQHandler                 0x080001b7   Thumb Code     0  startup_stm32f407xx.o(.text)
    TIM1_CC_IRQHandler                       0x080001b7   Thumb Code     0  startup_stm32f407xx.o(.text)
    TIM1_TRG_COM_TIM11_IRQHandler            0x080001b7   Thumb Code     0  startup_stm32f407xx.o(.text)
    TIM2_IRQHandler                          0x080001b7   Thumb Code     0  startup_stm32f407xx.o(.text)
    TIM4_IRQHandler                          0x080001b7   Thumb Code     0  startup_stm32f407xx.o(.text)
    TIM5_IRQHandler                          0x080001b7   Thumb Code     0  startup_stm32f407xx.o(.text)
    TIM6_DAC_IRQHandler                      0x080001b7   Thumb Code     0  startup_stm32f407xx.o(.text)
    TIM7_IRQHandler                          0x080001b7   Thumb Code     0  startup_stm32f407xx.o(.text)
    TIM8_BRK_TIM12_IRQHandler                0x080001b7   Thumb Code     0  startup_stm32f407xx.o(.text)
    TIM8_CC_IRQHandler                       0x080001b7   Thumb Code     0  startup_stm32f407xx.o(.text)
    TIM8_TRG_COM_TIM14_IRQHandler            0x080001b7   Thumb Code     0  startup_stm32f407xx.o(.text)
    TIM8_UP_TIM13_IRQHandler                 0x080001b7   Thumb Code     0  startup_stm32f407xx.o(.text)
    UART4_IRQHandler                         0x080001b7   Thumb Code     0  startup_stm32f407xx.o(.text)
    UART5_IRQHandler                         0x080001b7   Thumb Code     0  startup_stm32f407xx.o(.text)
    USART1_IRQHandler                        0x080001b7   Thumb Code     0  startup_stm32f407xx.o(.text)
    USART2_IRQHandler                        0x080001b7   Thumb Code     0  startup_stm32f407xx.o(.text)
    USART3_IRQHandler                        0x080001b7   Thumb Code     0  startup_stm32f407xx.o(.text)
    USART6_IRQHandler                        0x080001b7   Thumb Code     0  startup_stm32f407xx.o(.text)
    WWDG_IRQHandler                          0x080001b7   Thumb Code     0  startup_stm32f407xx.o(.text)
    __aeabi_memcpy                           0x080001c1   Thumb Code    36  memcpya.o(.text)
    __aeabi_memcpy4                          0x080001c1   Thumb Code     0  memcpya.o(.text)
    __aeabi_memcpy8                          0x080001c1   Thumb Code     0  memcpya.o(.text)
    strlen                                   0x080001e5   Thumb Code    14  strlen.o(.text)
    __aeabi_uidiv                            0x080001f3   Thumb Code     0  uidiv.o(.text)
    __aeabi_uidivmod                         0x080001f3   Thumb Code    44  uidiv.o(.text)
    __scatterload                            0x08000221   Thumb Code    28  init.o(.text)
    __scatterload_rt2                        0x08000221   Thumb Code     0  init.o(.text)
    __decompress                             0x08000245   Thumb Code     0  __dczerorl2.o(.text)
    __decompress1                            0x08000245   Thumb Code    86  __dczerorl2.o(.text)
    BusFault_Handler                         0x0800029b   Thumb Code     2  stm32f4xx_it.o(i.BusFault_Handler)
    CDC_Transmit_FS                          0x080002e1   Thumb Code    52  usbd_cdc_if.o(i.CDC_Transmit_FS)
    DebugMon_Handler                         0x0800031d   Thumb Code     2  stm32f4xx_it.o(i.DebugMon_Handler)
    EXTI0_IRQHandler                         0x0800031f   Thumb Code     6  stm32f4xx_it.o(i.EXTI0_IRQHandler)
    Error_Handler                            0x08000325   Thumb Code     2  main.o(i.Error_Handler)
    HAL_Delay                                0x08000327   Thumb Code    22  stm32f4xx_hal.o(i.HAL_Delay)
    HAL_GPIO_EXTI_Callback                   0x0800033d   Thumb Code    14  main.o(i.HAL_GPIO_EXTI_Callback)
    HAL_GPIO_EXTI_IRQHandler                 0x08000351   Thumb Code    18  stm32f4xx_hal_gpio.o(i.HAL_GPIO_EXTI_IRQHandler)
    HAL_GPIO_Init                            0x08000369   Thumb Code   388  stm32f4xx_hal_gpio.o(i.HAL_GPIO_Init)
    HAL_GetTick                              0x08000519   Thumb Code     6  stm32f4xx_hal.o(i.HAL_GetTick)
    HAL_IncTick                              0x08000525   Thumb Code    10  stm32f4xx_hal.o(i.HAL_IncTick)
    HAL_Init                                 0x08000535   Thumb Code    48  stm32f4xx_hal.o(i.HAL_Init)
    HAL_InitTick                             0x08000569   Thumb Code    34  stm32f4xx_hal.o(i.HAL_InitTick)
    HAL_MspInit                              0x08000591   Thumb Code    88  stm32f4xx_hal_msp.o(i.HAL_MspInit)
    HAL_NVIC_EnableIRQ                       0x080005e9   Thumb Code    22  stm32f4xx_hal_cortex.o(i.HAL_NVIC_EnableIRQ)
    HAL_NVIC_SetPriority                     0x08000601   Thumb Code    60  stm32f4xx_hal_cortex.o(i.HAL_NVIC_SetPriority)
    HAL_NVIC_SetPriorityGrouping             0x08000641   Thumb Code    26  stm32f4xx_hal_cortex.o(i.HAL_NVIC_SetPriorityGrouping)
    HAL_PCDEx_SetRxFiFo                      0x08000665   Thumb Code     8  stm32f4xx_hal_pcd_ex.o(i.HAL_PCDEx_SetRxFiFo)
    HAL_PCDEx_SetTxFiFo                      0x0800066d   Thumb Code    68  stm32f4xx_hal_pcd_ex.o(i.HAL_PCDEx_SetTxFiFo)
    HAL_PCD_ConnectCallback                  0x080006b1   Thumb Code     8  usbd_conf.o(i.HAL_PCD_ConnectCallback)
    HAL_PCD_DataInStageCallback              0x080006b9   Thumb Code    18  usbd_conf.o(i.HAL_PCD_DataInStageCallback)
    HAL_PCD_DataOutStageCallback             0x080006cb   Thumb Code    20  usbd_conf.o(i.HAL_PCD_DataOutStageCallback)
    HAL_PCD_DisconnectCallback               0x080006df   Thumb Code     8  usbd_conf.o(i.HAL_PCD_DisconnectCallback)
    HAL_PCD_EP_Close                         0x080006e7   Thumb Code    68  stm32f4xx_hal_pcd.o(i.HAL_PCD_EP_Close)
    HAL_PCD_EP_ClrStall                      0x0800072b   Thumb Code    80  stm32f4xx_hal_pcd.o(i.HAL_PCD_EP_ClrStall)
    HAL_PCD_EP_GetRxCount                    0x0800077b   Thumb Code    20  stm32f4xx_hal_pcd.o(i.HAL_PCD_EP_GetRxCount)
    HAL_PCD_EP_Open                          0x0800078f   Thumb Code    84  stm32f4xx_hal_pcd.o(i.HAL_PCD_EP_Open)
    HAL_PCD_EP_Receive                       0x080007e5   Thumb Code    94  stm32f4xx_hal_pcd.o(i.HAL_PCD_EP_Receive)
    HAL_PCD_EP_SetStall                      0x08000843   Thumb Code    96  stm32f4xx_hal_pcd.o(i.HAL_PCD_EP_SetStall)
    HAL_PCD_EP_Transmit                      0x080008a3   Thumb Code    86  stm32f4xx_hal_pcd.o(i.HAL_PCD_EP_Transmit)
    HAL_PCD_IRQHandler                       0x080008f9   Thumb Code  1022  stm32f4xx_hal_pcd.o(i.HAL_PCD_IRQHandler)
    HAL_PCD_ISOINIncompleteCallback          0x08000cf7   Thumb Code     8  usbd_conf.o(i.HAL_PCD_ISOINIncompleteCallback)
    HAL_PCD_ISOOUTIncompleteCallback         0x08000cff   Thumb Code     8  usbd_conf.o(i.HAL_PCD_ISOOUTIncompleteCallback)
    HAL_PCD_Init                             0x08000d09   Thumb Code   190  stm32f4xx_hal_pcd.o(i.HAL_PCD_Init)
    HAL_PCD_MspInit                          0x08000dc9   Thumb Code   112  usbd_conf.o(i.HAL_PCD_MspInit)
    HAL_PCD_ResetCallback                    0x08000e41   Thumb Code    32  usbd_conf.o(i.HAL_PCD_ResetCallback)
    HAL_PCD_ResumeCallback                   0x08000e61   Thumb Code     8  usbd_conf.o(i.HAL_PCD_ResumeCallback)
    HAL_PCD_SOFCallback                      0x08000e69   Thumb Code     8  usbd_conf.o(i.HAL_PCD_SOFCallback)
    HAL_PCD_SetAddress                       0x08000e71   Thumb Code    36  stm32f4xx_hal_pcd.o(i.HAL_PCD_SetAddress)
    HAL_PCD_SetupStageCallback               0x08000e95   Thumb Code    14  usbd_conf.o(i.HAL_PCD_SetupStageCallback)
    HAL_PCD_Start                            0x08000ea3   Thumb Code    42  stm32f4xx_hal_pcd.o(i.HAL_PCD_Start)
    HAL_PCD_SuspendCallback                  0x08000ecd   Thumb Code    44  usbd_conf.o(i.HAL_PCD_SuspendCallback)
    HAL_RCC_ClockConfig                      0x08000efd   Thumb Code   364  stm32f4xx_hal_rcc.o(i.HAL_RCC_ClockConfig)
    HAL_RCC_GetHCLKFreq                      0x08001079   Thumb Code     6  stm32f4xx_hal_rcc.o(i.HAL_RCC_GetHCLKFreq)
    HAL_RCC_GetSysClockFreq                  0x08001085   Thumb Code   104  stm32f4xx_hal_rcc.o(i.HAL_RCC_GetSysClockFreq)
    HAL_RCC_OscConfig                        0x080010f5   Thumb Code   770  stm32f4xx_hal_rcc.o(i.HAL_RCC_OscConfig)
    HAL_SYSTICK_CLKSourceConfig              0x08001409   Thumb Code    24  stm32f4xx_hal_cortex.o(i.HAL_SYSTICK_CLKSourceConfig)
    HAL_SYSTICK_Callback                     0x08001421   Thumb Code     2  stm32f4xx_hal_cortex.o(i.HAL_SYSTICK_Callback)
    HAL_SYSTICK_Config                       0x08001423   Thumb Code    40  stm32f4xx_hal_cortex.o(i.HAL_SYSTICK_Config)
    HAL_SYSTICK_IRQHandler                   0x0800144b   Thumb Code     8  stm32f4xx_hal_cortex.o(i.HAL_SYSTICK_IRQHandler)
    HAL_TIMEx_BreakCallback                  0x08001453   Thumb Code     2  stm32f4xx_hal_tim_ex.o(i.HAL_TIMEx_BreakCallback)
    HAL_TIMEx_CommutationCallback            0x08001455   Thumb Code     2  stm32f4xx_hal_tim_ex.o(i.HAL_TIMEx_CommutationCallback)
    HAL_TIM_Encoder_Init                     0x08001457   Thumb Code   150  stm32f4xx_hal_tim.o(i.HAL_TIM_Encoder_Init)
    HAL_TIM_Encoder_MspInit                  0x080014ed   Thumb Code   158  main.o(i.HAL_TIM_Encoder_MspInit)
    HAL_TIM_Encoder_Start                    0x080015a1   Thumb Code    52  stm32f4xx_hal_tim.o(i.HAL_TIM_Encoder_Start)
    HAL_TIM_Encoder_Start_IT                 0x080015d5   Thumb Code    92  stm32f4xx_hal_tim.o(i.HAL_TIM_Encoder_Start_IT)
    HAL_TIM_IC_CaptureCallback               0x08001631   Thumb Code     2  stm32f4xx_hal_tim.o(i.HAL_TIM_IC_CaptureCallback)
    HAL_TIM_IRQHandler                       0x08001633   Thumb Code   358  stm32f4xx_hal_tim.o(i.HAL_TIM_IRQHandler)
    HAL_TIM_OC_DelayElapsedCallback          0x08001799   Thumb Code     2  stm32f4xx_hal_tim.o(i.HAL_TIM_OC_DelayElapsedCallback)
    HAL_TIM_PWM_PulseFinishedCallback        0x0800179b   Thumb Code     2  stm32f4xx_hal_tim.o(i.HAL_TIM_PWM_PulseFinishedCallback)
    HAL_TIM_PeriodElapsedCallback            0x0800179d   Thumb Code    52  main.o(i.HAL_TIM_PeriodElapsedCallback)
    HAL_TIM_TriggerCallback                  0x080017dd   Thumb Code     2  stm32f4xx_hal_tim.o(i.HAL_TIM_TriggerCallback)
    HardFault_Handler                        0x080017df   Thumb Code     2  stm32f4xx_it.o(i.HardFault_Handler)
    MX_USB_DEVICE_Init                       0x080017e1   Thumb Code    38  usb_device.o(i.MX_USB_DEVICE_Init)
    MemManage_Handler                        0x08001819   Thumb Code     2  stm32f4xx_it.o(i.MemManage_Handler)
    NMI_Handler                              0x0800181b   Thumb Code     2  stm32f4xx_it.o(i.NMI_Handler)
    OTG_FS_IRQHandler                        0x0800183d   Thumb Code     6  stm32f4xx_it.o(i.OTG_FS_IRQHandler)
    PendSV_Handler                           0x080018d1   Thumb Code     2  stm32f4xx_it.o(i.PendSV_Handler)
    SVC_Handler                              0x080018d3   Thumb Code     2  stm32f4xx_it.o(i.SVC_Handler)
    SysTick_Handler                          0x080018d5   Thumb Code    14  stm32f4xx_it.o(i.SysTick_Handler)
    SystemClock_Config                       0x080018e5   Thumb Code   148  main.o(i.SystemClock_Config)
    SystemInit                               0x08001981   Thumb Code    66  system_stm32f4xx.o(i.SystemInit)
    TIM1_UP_TIM10_IRQHandler                 0x08001a59   Thumb Code     6  stm32f4xx_it.o(i.TIM1_UP_TIM10_IRQHandler)
    TIM3_IRQHandler                          0x08001ae1   Thumb Code     6  main.o(i.TIM3_IRQHandler)
    TIM_Base_SetConfig                       0x08001aed   Thumb Code   148  stm32f4xx_hal_tim.o(i.TIM_Base_SetConfig)
    TIM_CCxChannelCmd                        0x08001bad   Thumb Code    22  stm32f4xx_hal_tim.o(i.TIM_CCxChannelCmd)
    USBD_CDC_GetDeviceQualifierDescriptor    0x08001c65   Thumb Code     8  usbd_cdc.o(i.USBD_CDC_GetDeviceQualifierDescriptor)
    USBD_CDC_ReceivePacket                   0x08001d1d   Thumb Code    40  usbd_cdc.o(i.USBD_CDC_ReceivePacket)
    USBD_CDC_RegisterInterface               0x08001d45   Thumb Code    16  usbd_cdc.o(i.USBD_CDC_RegisterInterface)
    USBD_CDC_SetRxBuffer                     0x08001d55   Thumb Code    12  usbd_cdc.o(i.USBD_CDC_SetRxBuffer)
    USBD_CDC_SetTxBuffer                     0x08001d61   Thumb Code    16  usbd_cdc.o(i.USBD_CDC_SetTxBuffer)
    USBD_CDC_TransmitPacket                  0x08001de1   Thumb Code    48  usbd_cdc.o(i.USBD_CDC_TransmitPacket)
    USBD_ClrClassConfig                      0x08001e11   Thumb Code    14  usbd_core.o(i.USBD_ClrClassConfig)
    USBD_CtlContinueRx                       0x08001e1f   Thumb Code    16  usbd_ioreq.o(i.USBD_CtlContinueRx)
    USBD_CtlContinueSendData                 0x08001e2f   Thumb Code    16  usbd_ioreq.o(i.USBD_CtlContinueSendData)
    USBD_CtlError                            0x08001e3f   Thumb Code    22  usbd_ctlreq.o(i.USBD_CtlError)
    USBD_CtlPrepareRx                        0x08001e55   Thumb Code    30  usbd_ioreq.o(i.USBD_CtlPrepareRx)
    USBD_CtlReceiveStatus                    0x08001e73   Thumb Code    22  usbd_ioreq.o(i.USBD_CtlReceiveStatus)
    USBD_CtlSendData                         0x08001e89   Thumb Code    26  usbd_ioreq.o(i.USBD_CtlSendData)
    USBD_CtlSendStatus                       0x08001ea3   Thumb Code    22  usbd_ioreq.o(i.USBD_CtlSendStatus)
    USBD_FS_ConfigStrDescriptor              0x08001eb9   Thumb Code    16  usbd_desc.o(i.USBD_FS_ConfigStrDescriptor)
    USBD_FS_DeviceDescriptor                 0x08001ed9   Thumb Code     8  usbd_desc.o(i.USBD_FS_DeviceDescriptor)
    USBD_FS_InterfaceStrDescriptor           0x08001ee5   Thumb Code    16  usbd_desc.o(i.USBD_FS_InterfaceStrDescriptor)
    USBD_FS_LangIDStrDescriptor              0x08001f09   Thumb Code     8  usbd_desc.o(i.USBD_FS_LangIDStrDescriptor)
    USBD_FS_ManufacturerStrDescriptor        0x08001f15   Thumb Code    16  usbd_desc.o(i.USBD_FS_ManufacturerStrDescriptor)
    USBD_FS_ProductStrDescriptor             0x08001f3d   Thumb Code    16  usbd_desc.o(i.USBD_FS_ProductStrDescriptor)
    USBD_FS_SerialStrDescriptor              0x08001f69   Thumb Code    16  usbd_desc.o(i.USBD_FS_SerialStrDescriptor)
    USBD_GetString                           0x0800206d   Thumb Code    70  usbd_ctlreq.o(i.USBD_GetString)
    USBD_Init                                0x080020b3   Thumb Code    42  usbd_core.o(i.USBD_Init)
    USBD_LL_ClearStallEP                     0x080020dd   Thumb Code    32  usbd_conf.o(i.USBD_LL_ClearStallEP)
    USBD_LL_CloseEP                          0x080020fd   Thumb Code    32  usbd_conf.o(i.USBD_LL_CloseEP)
    USBD_LL_DataInStage                      0x0800211d   Thumb Code   170  usbd_core.o(i.USBD_LL_DataInStage)
    USBD_LL_DataOutStage                     0x080021c7   Thumb Code   106  usbd_core.o(i.USBD_LL_DataOutStage)
    USBD_LL_DevConnected                     0x08002231   Thumb Code     4  usbd_core.o(i.USBD_LL_DevConnected)
    USBD_LL_DevDisconnected                  0x08002235   Thumb Code    22  usbd_core.o(i.USBD_LL_DevDisconnected)
    USBD_LL_GetRxDataSize                    0x0800224b   Thumb Code     8  usbd_conf.o(i.USBD_LL_GetRxDataSize)
    USBD_LL_Init                             0x08002255   Thumb Code    94  usbd_conf.o(i.USBD_LL_Init)
    USBD_LL_IsStallEP                        0x080022b9   Thumb Code    32  usbd_conf.o(i.USBD_LL_IsStallEP)
    USBD_LL_IsoINIncomplete                  0x080022d9   Thumb Code     4  usbd_core.o(i.USBD_LL_IsoINIncomplete)
    USBD_LL_IsoOUTIncomplete                 0x080022dd   Thumb Code     4  usbd_core.o(i.USBD_LL_IsoOUTIncomplete)
    USBD_LL_OpenEP                           0x080022e1   Thumb Code    38  usbd_conf.o(i.USBD_LL_OpenEP)
    USBD_LL_PrepareReceive                   0x08002307   Thumb Code    32  usbd_conf.o(i.USBD_LL_PrepareReceive)
    USBD_LL_Reset                            0x08002327   Thumb Code    62  usbd_core.o(i.USBD_LL_Reset)
    USBD_LL_Resume                           0x08002365   Thumb Code    12  usbd_core.o(i.USBD_LL_Resume)
    USBD_LL_SOF                              0x08002371   Thumb Code    24  usbd_core.o(i.USBD_LL_SOF)
    USBD_LL_SetSpeed                         0x08002389   Thumb Code     6  usbd_core.o(i.USBD_LL_SetSpeed)
    USBD_LL_SetUSBAddress                    0x0800238f   Thumb Code    32  usbd_conf.o(i.USBD_LL_SetUSBAddress)
    USBD_LL_SetupStage                       0x080023af   Thumb Code    90  usbd_core.o(i.USBD_LL_SetupStage)
    USBD_LL_StallEP                          0x08002409   Thumb Code    32  usbd_conf.o(i.USBD_LL_StallEP)
    USBD_LL_Start                            0x08002429   Thumb Code    32  usbd_conf.o(i.USBD_LL_Start)
    USBD_LL_Suspend                          0x08002449   Thumb Code    18  usbd_core.o(i.USBD_LL_Suspend)
    USBD_LL_Transmit                         0x0800245b   Thumb Code    32  usbd_conf.o(i.USBD_LL_Transmit)
    USBD_ParseSetupRequest                   0x0800247b   Thumb Code    40  usbd_ctlreq.o(i.USBD_ParseSetupRequest)
    USBD_RegisterClass                       0x080024a3   Thumb Code    16  usbd_core.o(i.USBD_RegisterClass)
    USBD_SetClassConfig                      0x080024b3   Thumb Code    22  usbd_core.o(i.USBD_SetClassConfig)
    USBD_Start                               0x0800253d   Thumb Code    10  usbd_core.o(i.USBD_Start)
    USBD_StdDevReq                           0x08002547   Thumb Code   242  usbd_ctlreq.o(i.USBD_StdDevReq)
    USBD_StdEPReq                            0x08002639   Thumb Code   220  usbd_ctlreq.o(i.USBD_StdEPReq)
    USBD_StdItfReq                           0x08002715   Thumb Code    52  usbd_ctlreq.o(i.USBD_StdItfReq)
    USB_ActivateEndpoint                     0x08002749   Thumb Code   122  stm32f4xx_ll_usb.o(i.USB_ActivateEndpoint)
    USB_ActivateSetup                        0x080027c9   Thumb Code    52  stm32f4xx_ll_usb.o(i.USB_ActivateSetup)
    USB_CoreInit                             0x080027fd   Thumb Code    96  stm32f4xx_ll_usb.o(i.USB_CoreInit)
    USB_DeactivateEndpoint                   0x08002899   Thumb Code   110  stm32f4xx_ll_usb.o(i.USB_DeactivateEndpoint)
    USB_DevConnect                           0x08002907   Thumb Code    24  stm32f4xx_ll_usb.o(i.USB_DevConnect)
    USB_DevDisconnect                        0x0800291f   Thumb Code    24  stm32f4xx_ll_usb.o(i.USB_DevDisconnect)
    USB_DevInit                              0x08002939   Thumb Code   306  stm32f4xx_ll_usb.o(i.USB_DevInit)
    USB_DisableGlobalInt                     0x08002a7d   Thumb Code    12  stm32f4xx_ll_usb.o(i.USB_DisableGlobalInt)
    USB_EP0StartXfer                         0x08002a89   Thumb Code   316  stm32f4xx_ll_usb.o(i.USB_EP0StartXfer)
    USB_EP0_OutStart                         0x08002bc9   Thumb Code    62  stm32f4xx_ll_usb.o(i.USB_EP0_OutStart)
    USB_EPClearStall                         0x08002c07   Thumb Code   100  stm32f4xx_ll_usb.o(i.USB_EPClearStall)
    USB_EPSetStall                           0x08002c6b   Thumb Code    94  stm32f4xx_ll_usb.o(i.USB_EPSetStall)
    USB_EPStartXfer                          0x08002cc9   Thumb Code   534  stm32f4xx_ll_usb.o(i.USB_EPStartXfer)
    USB_EnableGlobalInt                      0x08002ee5   Thumb Code    12  stm32f4xx_ll_usb.o(i.USB_EnableGlobalInt)
    USB_FlushRxFifo                          0x08002ef1   Thumb Code    28  stm32f4xx_ll_usb.o(i.USB_FlushRxFifo)
    USB_FlushTxFifo                          0x08002f11   Thumb Code    32  stm32f4xx_ll_usb.o(i.USB_FlushTxFifo)
    USB_GetDevSpeed                          0x08002f35   Thumb Code    60  stm32f4xx_ll_usb.o(i.USB_GetDevSpeed)
    USB_GetMode                              0x08002f71   Thumb Code     8  stm32f4xx_ll_usb.o(i.USB_GetMode)
    USB_ReadDevAllInEpInterrupt              0x08002f79   Thumb Code    14  stm32f4xx_ll_usb.o(i.USB_ReadDevAllInEpInterrupt)
    USB_ReadDevAllOutEpInterrupt             0x08002f87   Thumb Code    14  stm32f4xx_ll_usb.o(i.USB_ReadDevAllOutEpInterrupt)
    USB_ReadDevInEPInterrupt                 0x08002f95   Thumb Code    30  stm32f4xx_ll_usb.o(i.USB_ReadDevInEPInterrupt)
    USB_ReadDevOutEPInterrupt                0x08002fb3   Thumb Code    16  stm32f4xx_ll_usb.o(i.USB_ReadDevOutEPInterrupt)
    USB_ReadInterrupts                       0x08002fc3   Thumb Code     8  stm32f4xx_ll_usb.o(i.USB_ReadInterrupts)
    USB_ReadPacket                           0x08002fcb   Thumb Code    32  stm32f4xx_ll_usb.o(i.USB_ReadPacket)
    USB_SetCurrentMode                       0x08002feb   Thumb Code    44  stm32f4xx_ll_usb.o(i.USB_SetCurrentMode)
    USB_SetDevAddress                        0x08003017   Thumb Code    34  stm32f4xx_ll_usb.o(i.USB_SetDevAddress)
    USB_WritePacket                          0x08003039   Thumb Code    40  stm32f4xx_ll_usb.o(i.USB_WritePacket)
    UsageFault_Handler                       0x08003061   Thumb Code     2  stm32f4xx_it.o(i.UsageFault_Handler)
    __0sprintf$3                             0x08003065   Thumb Code    34  printf3.o(i.__0sprintf$3)
    __1sprintf$3                             0x08003065   Thumb Code     0  printf3.o(i.__0sprintf$3)
    __2sprintf                               0x08003065   Thumb Code     0  printf3.o(i.__0sprintf$3)
    __scatterload_copy                       0x0800308d   Thumb Code    14  handlers.o(i.__scatterload_copy)
    __scatterload_null                       0x0800309b   Thumb Code     2  handlers.o(i.__scatterload_null)
    __scatterload_zeroinit                   0x0800309d   Thumb Code    14  handlers.o(i.__scatterload_zeroinit)
    free                                     0x08003271   Thumb Code    76  malloc.o(i.free)
    main                                     0x080032c1   Thumb Code   182  main.o(i.main)
    malloc                                   0x080033c9   Thumb Code    92  malloc.o(i.malloc)
    APBAHBPrescTable                         0x08003434   Data          16  stm32f4xx_hal_rcc.o(.constdata)
    Region$$Table$$Base                      0x08003444   Number         0  anon$$obj.o(Region$$Table)
    Region$$Table$$Limit                     0x08003464   Number         0  anon$$obj.o(Region$$Table)
    uwTick                                   0x20000000   Data           4  stm32f4xx_hal.o(.data)
    USBD_CDC_CfgHSDesc                       0x20000018   Data          67  usbd_cdc.o(.data)
    USBD_CDC_CfgFSDesc                       0x2000005c   Data          67  usbd_cdc.o(.data)
    USBD_CDC_OtherSpeedCfgDesc               0x200000a0   Data          67  usbd_cdc.o(.data)
    USBD_CDC                                 0x200000e4   Data          56  usbd_cdc.o(.data)
    SystemCoreClock                          0x2000011c   Data           4  system_stm32f4xx.o(.data)
    USBD_Interface_fops_FS                   0x20000120   Data          16  usbd_cdc_if.o(.data)
    leftCounter                              0x20000130   Data           4  main.o(.data)
    leftValue                                0x20000134   Data           4  main.o(.data)
    leftTotalCounter                         0x20000138   Data           4  main.o(.data)
    rightCounter                             0x2000013c   Data           4  main.o(.data)
    rightValue                               0x20000140   Data           4  main.o(.data)
    rightTotalCounter                        0x20000144   Data           4  main.o(.data)
    FS_Desc                                  0x20000148   Data          28  usbd_desc.o(.data)
    USBD_LangIDDesc                          0x20000164   Data           4  usbd_desc.o(.data)
    USBD_FS_DeviceDesc                       0x20000168   Data          18  usbd_desc.o(.data)
    __microlib_freelist                      0x2000017c   Data           4  mvars.o(.data)
    __microlib_freelist_initialised          0x20000180   Data           4  mvars.o(.data)
    UserRxBufferFS                           0x20000184   Data          64  usbd_cdc_if.o(.bss)
    UserTxBufferFS                           0x200001c4   Data          64  usbd_cdc_if.o(.bss)
    hUsbDeviceFS                             0x20000204   Data         548  usb_device.o(.bss)
    htimLeft                                 0x20000428   Data          60  main.o(.bss)
    htimRight2                               0x20000464   Data          60  main.o(.bss)
    USBD_StrDesc                             0x200004a0   Data         512  usbd_desc.o(.bss)
    hpcd_USB_OTG_FS                          0x200006a0   Data        1008  usbd_conf.o(.bss)
    __heap_base                              0x20000a90   Data           0  startup_stm32f407xx.o(HEAP)
    __heap_limit                             0x20004a90   Data           0  startup_stm32f407xx.o(HEAP)
    __initial_sp                             0x2000ca90   Data           0  startup_stm32f407xx.o(STACK)



==============================================================================

Memory Map of the image

  Image Entry point : 0x08000189

  Load Region LR_IROM1 (Base: 0x08000000, Size: 0x000035e8, Max: 0x00100000, ABSOLUTE, COMPRESSED[0x00003524])

    Execution Region ER_IROM1 (Exec base: 0x08000000, Load base: 0x08000000, Size: 0x00003464, Max: 0x00100000, ABSOLUTE)

    Exec Addr    Load Addr    Size         Type   Attr      Idx    E Section Name        Object

    0x08000000   0x08000000   0x00000188   Data   RO         2929    RESET               startup_stm32f407xx.o
    0x08000188   0x08000188   0x00000000   Code   RO         3477  * .ARM.Collect$$$$00000000  mc_w.l(entry.o)
    0x08000188   0x08000188   0x00000004   Code   RO         3775    .ARM.Collect$$$$00000001  mc_w.l(entry2.o)
    0x0800018c   0x0800018c   0x00000004   Code   RO         3778    .ARM.Collect$$$$00000004  mc_w.l(entry5.o)
    0x08000190   0x08000190   0x00000000   Code   RO         3780    .ARM.Collect$$$$00000008  mc_w.l(entry7b.o)
    0x08000190   0x08000190   0x00000000   Code   RO         3782    .ARM.Collect$$$$0000000A  mc_w.l(entry8b.o)
    0x08000190   0x08000190   0x00000008   Code   RO         3783    .ARM.Collect$$$$0000000B  mc_w.l(entry9a.o)
    0x08000198   0x08000198   0x00000000   Code   RO         3785    .ARM.Collect$$$$0000000D  mc_w.l(entry10a.o)
    0x08000198   0x08000198   0x00000000   Code   RO         3787    .ARM.Collect$$$$0000000F  mc_w.l(entry11a.o)
    0x08000198   0x08000198   0x00000004   Code   RO         3776    .ARM.Collect$$$$00002712  mc_w.l(entry2.o)
    0x0800019c   0x0800019c   0x00000024   Code   RO         2930    .text               startup_stm32f407xx.o
    0x080001c0   0x080001c0   0x00000024   Code   RO         3480    .text               mc_w.l(memcpya.o)
    0x080001e4   0x080001e4   0x0000000e   Code   RO         3482    .text               mc_w.l(strlen.o)
    0x080001f2   0x080001f2   0x0000002c   Code   RO         3792    .text               mc_w.l(uidiv.o)
    0x0800021e   0x0800021e   0x00000002   PAD
    0x08000220   0x08000220   0x00000024   Code   RO         3809    .text               mc_w.l(init.o)
    0x08000244   0x08000244   0x00000056   Code   RO         3829    .text               mc_w.l(__dczerorl2.o)
    0x0800029a   0x0800029a   0x00000002   Code   RO         3051    i.BusFault_Handler  stm32f4xx_it.o
    0x0800029c   0x0800029c   0x00000004   Code   RO         2937    i.CDC_Control_FS    usbd_cdc_if.o
    0x080002a0   0x080002a0   0x00000004   Code   RO         2938    i.CDC_DeInit_FS     usbd_cdc_if.o
    0x080002a4   0x080002a4   0x00000024   Code   RO         2939    i.CDC_Init_FS       usbd_cdc_if.o
    0x080002c8   0x080002c8   0x00000018   Code   RO         2940    i.CDC_Receive_FS    usbd_cdc_if.o
    0x080002e0   0x080002e0   0x0000003c   Code   RO         2941    i.CDC_Transmit_FS   usbd_cdc_if.o
    0x0800031c   0x0800031c   0x00000002   Code   RO         3052    i.DebugMon_Handler  stm32f4xx_it.o
    0x0800031e   0x0800031e   0x00000006   Code   RO         3053    i.EXTI0_IRQHandler  stm32f4xx_it.o
    0x08000324   0x08000324   0x00000002   Code   RO         3145    i.Error_Handler     main.o
    0x08000326   0x08000326   0x00000016   Code   RO         1311    i.HAL_Delay         stm32f4xx_hal.o
    0x0800033c   0x0800033c   0x00000014   Code   RO         3146    i.HAL_GPIO_EXTI_Callback  main.o
    0x08000350   0x08000350   0x00000018   Code   RO          391    i.HAL_GPIO_EXTI_IRQHandler  stm32f4xx_hal_gpio.o
    0x08000368   0x08000368   0x000001b0   Code   RO          392    i.HAL_GPIO_Init     stm32f4xx_hal_gpio.o
    0x08000518   0x08000518   0x0000000c   Code   RO         1317    i.HAL_GetTick       stm32f4xx_hal.o
    0x08000524   0x08000524   0x00000010   Code   RO         1318    i.HAL_IncTick       stm32f4xx_hal.o
    0x08000534   0x08000534   0x00000034   Code   RO         1319    i.HAL_Init          stm32f4xx_hal.o
    0x08000568   0x08000568   0x00000028   Code   RO         1320    i.HAL_InitTick      stm32f4xx_hal.o
    0x08000590   0x08000590   0x00000058   Code   RO         2993    i.HAL_MspInit       stm32f4xx_hal_msp.o
    0x080005e8   0x080005e8   0x00000016   Code   RO          458    i.HAL_NVIC_EnableIRQ  stm32f4xx_hal_cortex.o
    0x080005fe   0x080005fe   0x00000002   PAD
    0x08000600   0x08000600   0x00000040   Code   RO          464    i.HAL_NVIC_SetPriority  stm32f4xx_hal_cortex.o
    0x08000640   0x08000640   0x00000024   Code   RO          465    i.HAL_NVIC_SetPriorityGrouping  stm32f4xx_hal_cortex.o
    0x08000664   0x08000664   0x00000008   Code   RO          821    i.HAL_PCDEx_SetRxFiFo  stm32f4xx_hal_pcd_ex.o
    0x0800066c   0x0800066c   0x00000044   Code   RO          822    i.HAL_PCDEx_SetTxFiFo  stm32f4xx_hal_pcd_ex.o
    0x080006b0   0x080006b0   0x00000008   Code   RO         3291    i.HAL_PCD_ConnectCallback  usbd_conf.o
    0x080006b8   0x080006b8   0x00000012   Code   RO         3292    i.HAL_PCD_DataInStageCallback  usbd_conf.o
    0x080006ca   0x080006ca   0x00000014   Code   RO         3293    i.HAL_PCD_DataOutStageCallback  usbd_conf.o
    0x080006de   0x080006de   0x00000008   Code   RO         3294    i.HAL_PCD_DisconnectCallback  usbd_conf.o
    0x080006e6   0x080006e6   0x00000044   Code   RO          980    i.HAL_PCD_EP_Close  stm32f4xx_hal_pcd.o
    0x0800072a   0x0800072a   0x00000050   Code   RO          981    i.HAL_PCD_EP_ClrStall  stm32f4xx_hal_pcd.o
    0x0800077a   0x0800077a   0x00000014   Code   RO          983    i.HAL_PCD_EP_GetRxCount  stm32f4xx_hal_pcd.o
    0x0800078e   0x0800078e   0x00000054   Code   RO          984    i.HAL_PCD_EP_Open   stm32f4xx_hal_pcd.o
    0x080007e2   0x080007e2   0x00000002   PAD
    0x080007e4   0x080007e4   0x0000005e   Code   RO          985    i.HAL_PCD_EP_Receive  stm32f4xx_hal_pcd.o
    0x08000842   0x08000842   0x00000060   Code   RO          986    i.HAL_PCD_EP_SetStall  stm32f4xx_hal_pcd.o
    0x080008a2   0x080008a2   0x00000056   Code   RO          987    i.HAL_PCD_EP_Transmit  stm32f4xx_hal_pcd.o
    0x080008f8   0x080008f8   0x000003fe   Code   RO          989    i.HAL_PCD_IRQHandler  stm32f4xx_hal_pcd.o
    0x08000cf6   0x08000cf6   0x00000008   Code   RO         3295    i.HAL_PCD_ISOINIncompleteCallback  usbd_conf.o
    0x08000cfe   0x08000cfe   0x00000008   Code   RO         3296    i.HAL_PCD_ISOOUTIncompleteCallback  usbd_conf.o
    0x08000d06   0x08000d06   0x00000002   PAD
    0x08000d08   0x08000d08   0x000000be   Code   RO          992    i.HAL_PCD_Init      stm32f4xx_hal_pcd.o
    0x08000dc6   0x08000dc6   0x00000002   PAD
    0x08000dc8   0x08000dc8   0x00000078   Code   RO         3298    i.HAL_PCD_MspInit   usbd_conf.o
    0x08000e40   0x08000e40   0x00000020   Code   RO         3299    i.HAL_PCD_ResetCallback  usbd_conf.o
    0x08000e60   0x08000e60   0x00000008   Code   RO         3300    i.HAL_PCD_ResumeCallback  usbd_conf.o
    0x08000e68   0x08000e68   0x00000008   Code   RO         3301    i.HAL_PCD_SOFCallback  usbd_conf.o
    0x08000e70   0x08000e70   0x00000024   Code   RO          998    i.HAL_PCD_SetAddress  stm32f4xx_hal_pcd.o
    0x08000e94   0x08000e94   0x0000000e   Code   RO         3302    i.HAL_PCD_SetupStageCallback  usbd_conf.o
    0x08000ea2   0x08000ea2   0x0000002a   Code   RO         1000    i.HAL_PCD_Start     stm32f4xx_hal_pcd.o
    0x08000ecc   0x08000ecc   0x00000030   Code   RO         3303    i.HAL_PCD_SuspendCallback  usbd_conf.o
    0x08000efc   0x08000efc   0x0000017c   Code   RO         1524    i.HAL_RCC_ClockConfig  stm32f4xx_hal_rcc.o
    0x08001078   0x08001078   0x0000000c   Code   RO         1529    i.HAL_RCC_GetHCLKFreq  stm32f4xx_hal_rcc.o
    0x08001084   0x08001084   0x00000070   Code   RO         1533    i.HAL_RCC_GetSysClockFreq  stm32f4xx_hal_rcc.o
    0x080010f4   0x080010f4   0x00000314   Code   RO         1536    i.HAL_RCC_OscConfig  stm32f4xx_hal_rcc.o
    0x08001408   0x08001408   0x00000018   Code   RO          467    i.HAL_SYSTICK_CLKSourceConfig  stm32f4xx_hal_cortex.o
    0x08001420   0x08001420   0x00000002   Code   RO          468    i.HAL_SYSTICK_Callback  stm32f4xx_hal_cortex.o
    0x08001422   0x08001422   0x00000028   Code   RO          469    i.HAL_SYSTICK_Config  stm32f4xx_hal_cortex.o
    0x0800144a   0x0800144a   0x00000008   Code   RO          470    i.HAL_SYSTICK_IRQHandler  stm32f4xx_hal_cortex.o
    0x08001452   0x08001452   0x00000002   Code   RO         2259    i.HAL_TIMEx_BreakCallback  stm32f4xx_hal_tim_ex.o
    0x08001454   0x08001454   0x00000002   Code   RO         2260    i.HAL_TIMEx_CommutationCallback  stm32f4xx_hal_tim_ex.o
    0x08001456   0x08001456   0x00000096   Code   RO         1648    i.HAL_TIM_Encoder_Init  stm32f4xx_hal_tim.o
    0x080014ec   0x080014ec   0x000000b4   Code   RO         3147    i.HAL_TIM_Encoder_MspInit  main.o
    0x080015a0   0x080015a0   0x00000034   Code   RO         1651    i.HAL_TIM_Encoder_Start  stm32f4xx_hal_tim.o
    0x080015d4   0x080015d4   0x0000005c   Code   RO         1653    i.HAL_TIM_Encoder_Start_IT  stm32f4xx_hal_tim.o
    0x08001630   0x08001630   0x00000002   Code   RO         1659    i.HAL_TIM_IC_CaptureCallback  stm32f4xx_hal_tim.o
    0x08001632   0x08001632   0x00000166   Code   RO         1672    i.HAL_TIM_IRQHandler  stm32f4xx_hal_tim.o
    0x08001798   0x08001798   0x00000002   Code   RO         1675    i.HAL_TIM_OC_DelayElapsedCallback  stm32f4xx_hal_tim.o
    0x0800179a   0x0800179a   0x00000002   Code   RO         1702    i.HAL_TIM_PWM_PulseFinishedCallback  stm32f4xx_hal_tim.o
    0x0800179c   0x0800179c   0x00000040   Code   RO         3148    i.HAL_TIM_PeriodElapsedCallback  main.o
    0x080017dc   0x080017dc   0x00000002   Code   RO         1713    i.HAL_TIM_TriggerCallback  stm32f4xx_hal_tim.o
    0x080017de   0x080017de   0x00000002   Code   RO         3054    i.HardFault_Handler  stm32f4xx_it.o
    0x080017e0   0x080017e0   0x00000038   Code   RO         3017    i.MX_USB_DEVICE_Init  usb_device.o
    0x08001818   0x08001818   0x00000002   Code   RO         3055    i.MemManage_Handler  stm32f4xx_it.o
    0x0800181a   0x0800181a   0x00000002   Code   RO         3056    i.NMI_Handler       stm32f4xx_it.o
    0x0800181c   0x0800181c   0x00000020   Code   RO          471    i.NVIC_SetPriority  stm32f4xx_hal_cortex.o
    0x0800183c   0x0800183c   0x0000000c   Code   RO         3057    i.OTG_FS_IRQHandler  stm32f4xx_it.o
    0x08001848   0x08001848   0x00000088   Code   RO         1003    i.PCD_WriteEmptyTxFifo  stm32f4xx_hal_pcd.o
    0x080018d0   0x080018d0   0x00000002   Code   RO         3058    i.PendSV_Handler    stm32f4xx_it.o
    0x080018d2   0x080018d2   0x00000002   Code   RO         3059    i.SVC_Handler       stm32f4xx_it.o
    0x080018d4   0x080018d4   0x0000000e   Code   RO         3060    i.SysTick_Handler   stm32f4xx_it.o
    0x080018e2   0x080018e2   0x00000002   PAD
    0x080018e4   0x080018e4   0x0000009c   Code   RO         3149    i.SystemClock_Config  main.o
    0x08001980   0x08001980   0x00000054   Code   RO         2893    i.SystemInit        system_stm32f4xx.o
    0x080019d4   0x080019d4   0x00000084   Code   RO         3150    i.TIM1_Config       main.o
    0x08001a58   0x08001a58   0x0000000c   Code   RO         3061    i.TIM1_UP_TIM10_IRQHandler  stm32f4xx_it.o
    0x08001a64   0x08001a64   0x0000007c   Code   RO         3151    i.TIM3_Config       main.o
    0x08001ae0   0x08001ae0   0x0000000c   Code   RO         3152    i.TIM3_IRQHandler   main.o
    0x08001aec   0x08001aec   0x000000c0   Code   RO         1714    i.TIM_Base_SetConfig  stm32f4xx_hal_tim.o
    0x08001bac   0x08001bac   0x00000016   Code   RO         1715    i.TIM_CCxChannelCmd  stm32f4xx_hal_tim.o
    0x08001bc2   0x08001bc2   0x00000014   Code   RO         2644    i.USBD_CDC_DataIn   usbd_cdc.o
    0x08001bd6   0x08001bd6   0x0000002e   Code   RO         2645    i.USBD_CDC_DataOut  usbd_cdc.o
    0x08001c04   0x08001c04   0x0000003c   Code   RO         2646    i.USBD_CDC_DeInit   usbd_cdc.o
    0x08001c40   0x08001c40   0x00000024   Code   RO         2647    i.USBD_CDC_EP0_RxReady  usbd_cdc.o
    0x08001c64   0x08001c64   0x0000000c   Code   RO         2648    i.USBD_CDC_GetDeviceQualifierDescriptor  usbd_cdc.o
    0x08001c70   0x08001c70   0x0000000c   Code   RO         2649    i.USBD_CDC_GetFSCfgDesc  usbd_cdc.o
    0x08001c7c   0x08001c7c   0x0000000c   Code   RO         2650    i.USBD_CDC_GetHSCfgDesc  usbd_cdc.o
    0x08001c88   0x08001c88   0x0000000c   Code   RO         2651    i.USBD_CDC_GetOtherSpeedCfgDesc  usbd_cdc.o
    0x08001c94   0x08001c94   0x00000088   Code   RO         2652    i.USBD_CDC_Init     usbd_cdc.o
    0x08001d1c   0x08001d1c   0x00000028   Code   RO         2653    i.USBD_CDC_ReceivePacket  usbd_cdc.o
    0x08001d44   0x08001d44   0x00000010   Code   RO         2654    i.USBD_CDC_RegisterInterface  usbd_cdc.o
    0x08001d54   0x08001d54   0x0000000c   Code   RO         2655    i.USBD_CDC_SetRxBuffer  usbd_cdc.o
    0x08001d60   0x08001d60   0x00000010   Code   RO         2656    i.USBD_CDC_SetTxBuffer  usbd_cdc.o
    0x08001d70   0x08001d70   0x00000070   Code   RO         2657    i.USBD_CDC_Setup    usbd_cdc.o
    0x08001de0   0x08001de0   0x00000030   Code   RO         2658    i.USBD_CDC_TransmitPacket  usbd_cdc.o
    0x08001e10   0x08001e10   0x0000000e   Code   RO         2754    i.USBD_ClrClassConfig  usbd_core.o
    0x08001e1e   0x08001e1e   0x00000010   Code   RO         2498    i.USBD_CtlContinueRx  usbd_ioreq.o
    0x08001e2e   0x08001e2e   0x00000010   Code   RO         2499    i.USBD_CtlContinueSendData  usbd_ioreq.o
    0x08001e3e   0x08001e3e   0x00000016   Code   RO         2579    i.USBD_CtlError     usbd_ctlreq.o
    0x08001e54   0x08001e54   0x0000001e   Code   RO         2500    i.USBD_CtlPrepareRx  usbd_ioreq.o
    0x08001e72   0x08001e72   0x00000016   Code   RO         2501    i.USBD_CtlReceiveStatus  usbd_ioreq.o
    0x08001e88   0x08001e88   0x0000001a   Code   RO         2502    i.USBD_CtlSendData  usbd_ioreq.o
    0x08001ea2   0x08001ea2   0x00000016   Code   RO         2503    i.USBD_CtlSendStatus  usbd_ioreq.o
    0x08001eb8   0x08001eb8   0x00000020   Code   RO         3223    i.USBD_FS_ConfigStrDescriptor  usbd_desc.o
    0x08001ed8   0x08001ed8   0x0000000c   Code   RO         3224    i.USBD_FS_DeviceDescriptor  usbd_desc.o
    0x08001ee4   0x08001ee4   0x00000024   Code   RO         3225    i.USBD_FS_InterfaceStrDescriptor  usbd_desc.o
    0x08001f08   0x08001f08   0x0000000c   Code   RO         3226    i.USBD_FS_LangIDStrDescriptor  usbd_desc.o
    0x08001f14   0x08001f14   0x00000028   Code   RO         3227    i.USBD_FS_ManufacturerStrDescriptor  usbd_desc.o
    0x08001f3c   0x08001f3c   0x0000002c   Code   RO         3228    i.USBD_FS_ProductStrDescriptor  usbd_desc.o
    0x08001f68   0x08001f68   0x00000024   Code   RO         3229    i.USBD_FS_SerialStrDescriptor  usbd_desc.o
    0x08001f8c   0x08001f8c   0x000000e0   Code   RO         2580    i.USBD_GetDescriptor  usbd_ctlreq.o
    0x0800206c   0x0800206c   0x00000046   Code   RO         2581    i.USBD_GetString    usbd_ctlreq.o
    0x080020b2   0x080020b2   0x0000002a   Code   RO         2756    i.USBD_Init         usbd_core.o
    0x080020dc   0x080020dc   0x00000020   Code   RO         3304    i.USBD_LL_ClearStallEP  usbd_conf.o
    0x080020fc   0x080020fc   0x00000020   Code   RO         3305    i.USBD_LL_CloseEP   usbd_conf.o
    0x0800211c   0x0800211c   0x000000aa   Code   RO         2757    i.USBD_LL_DataInStage  usbd_core.o
    0x080021c6   0x080021c6   0x0000006a   Code   RO         2758    i.USBD_LL_DataOutStage  usbd_core.o
    0x08002230   0x08002230   0x00000004   Code   RO         2759    i.USBD_LL_DevConnected  usbd_core.o
    0x08002234   0x08002234   0x00000016   Code   RO         2760    i.USBD_LL_DevDisconnected  usbd_core.o
    0x0800224a   0x0800224a   0x00000008   Code   RO         3309    i.USBD_LL_GetRxDataSize  usbd_conf.o
    0x08002252   0x08002252   0x00000002   PAD
    0x08002254   0x08002254   0x00000064   Code   RO         3310    i.USBD_LL_Init      usbd_conf.o
    0x080022b8   0x080022b8   0x00000020   Code   RO         3311    i.USBD_LL_IsStallEP  usbd_conf.o
    0x080022d8   0x080022d8   0x00000004   Code   RO         2761    i.USBD_LL_IsoINIncomplete  usbd_core.o
    0x080022dc   0x080022dc   0x00000004   Code   RO         2762    i.USBD_LL_IsoOUTIncomplete  usbd_core.o
    0x080022e0   0x080022e0   0x00000026   Code   RO         3312    i.USBD_LL_OpenEP    usbd_conf.o
    0x08002306   0x08002306   0x00000020   Code   RO         3313    i.USBD_LL_PrepareReceive  usbd_conf.o
    0x08002326   0x08002326   0x0000003e   Code   RO         2763    i.USBD_LL_Reset     usbd_core.o
    0x08002364   0x08002364   0x0000000c   Code   RO         2764    i.USBD_LL_Resume    usbd_core.o
    0x08002370   0x08002370   0x00000018   Code   RO         2765    i.USBD_LL_SOF       usbd_core.o
    0x08002388   0x08002388   0x00000006   Code   RO         2766    i.USBD_LL_SetSpeed  usbd_core.o
    0x0800238e   0x0800238e   0x00000020   Code   RO         3314    i.USBD_LL_SetUSBAddress  usbd_conf.o
    0x080023ae   0x080023ae   0x0000005a   Code   RO         2767    i.USBD_LL_SetupStage  usbd_core.o
    0x08002408   0x08002408   0x00000020   Code   RO         3315    i.USBD_LL_StallEP   usbd_conf.o
    0x08002428   0x08002428   0x00000020   Code   RO         3316    i.USBD_LL_Start     usbd_conf.o
    0x08002448   0x08002448   0x00000012   Code   RO         2768    i.USBD_LL_Suspend   usbd_core.o
    0x0800245a   0x0800245a   0x00000020   Code   RO         3318    i.USBD_LL_Transmit  usbd_conf.o
    0x0800247a   0x0800247a   0x00000028   Code   RO         2582    i.USBD_ParseSetupRequest  usbd_ctlreq.o
    0x080024a2   0x080024a2   0x00000010   Code   RO         2769    i.USBD_RegisterClass  usbd_core.o
    0x080024b2   0x080024b2   0x00000016   Code   RO         2771    i.USBD_SetClassConfig  usbd_core.o
    0x080024c8   0x080024c8   0x00000074   Code   RO         2583    i.USBD_SetConfig    usbd_ctlreq.o
    0x0800253c   0x0800253c   0x0000000a   Code   RO         2772    i.USBD_Start        usbd_core.o
    0x08002546   0x08002546   0x000000f2   Code   RO         2584    i.USBD_StdDevReq    usbd_ctlreq.o
    0x08002638   0x08002638   0x000000dc   Code   RO         2585    i.USBD_StdEPReq     usbd_ctlreq.o
    0x08002714   0x08002714   0x00000034   Code   RO         2586    i.USBD_StdItfReq    usbd_ctlreq.o
    0x08002748   0x08002748   0x00000080   Code   RO            5    i.USB_ActivateEndpoint  stm32f4xx_ll_usb.o
    0x080027c8   0x080027c8   0x00000034   Code   RO            6    i.USB_ActivateSetup  stm32f4xx_ll_usb.o
    0x080027fc   0x080027fc   0x00000064   Code   RO            8    i.USB_CoreInit      stm32f4xx_ll_usb.o
    0x08002860   0x08002860   0x00000038   Code   RO            9    i.USB_CoreReset     stm32f4xx_ll_usb.o
    0x08002898   0x08002898   0x0000006e   Code   RO           11    i.USB_DeactivateEndpoint  stm32f4xx_ll_usb.o
    0x08002906   0x08002906   0x00000018   Code   RO           12    i.USB_DevConnect    stm32f4xx_ll_usb.o
    0x0800291e   0x0800291e   0x00000018   Code   RO           13    i.USB_DevDisconnect  stm32f4xx_ll_usb.o
    0x08002936   0x08002936   0x00000002   PAD
    0x08002938   0x08002938   0x00000144   Code   RO           14    i.USB_DevInit       stm32f4xx_ll_usb.o
    0x08002a7c   0x08002a7c   0x0000000c   Code   RO           15    i.USB_DisableGlobalInt  stm32f4xx_ll_usb.o
    0x08002a88   0x08002a88   0x00000140   Code   RO           18    i.USB_EP0StartXfer  stm32f4xx_ll_usb.o
    0x08002bc8   0x08002bc8   0x0000003e   Code   RO           19    i.USB_EP0_OutStart  stm32f4xx_ll_usb.o
    0x08002c06   0x08002c06   0x00000064   Code   RO           20    i.USB_EPClearStall  stm32f4xx_ll_usb.o
    0x08002c6a   0x08002c6a   0x0000005e   Code   RO           21    i.USB_EPSetStall    stm32f4xx_ll_usb.o
    0x08002cc8   0x08002cc8   0x0000021c   Code   RO           22    i.USB_EPStartXfer   stm32f4xx_ll_usb.o
    0x08002ee4   0x08002ee4   0x0000000c   Code   RO           23    i.USB_EnableGlobalInt  stm32f4xx_ll_usb.o
    0x08002ef0   0x08002ef0   0x00000020   Code   RO           24    i.USB_FlushRxFifo   stm32f4xx_ll_usb.o
    0x08002f10   0x08002f10   0x00000024   Code   RO           25    i.USB_FlushTxFifo   stm32f4xx_ll_usb.o
    0x08002f34   0x08002f34   0x0000003c   Code   RO           27    i.USB_GetDevSpeed   stm32f4xx_ll_usb.o
    0x08002f70   0x08002f70   0x00000008   Code   RO           29    i.USB_GetMode       stm32f4xx_ll_usb.o
    0x08002f78   0x08002f78   0x0000000e   Code   RO           36    i.USB_ReadDevAllInEpInterrupt  stm32f4xx_ll_usb.o
    0x08002f86   0x08002f86   0x0000000e   Code   RO           37    i.USB_ReadDevAllOutEpInterrupt  stm32f4xx_ll_usb.o
    0x08002f94   0x08002f94   0x0000001e   Code   RO           38    i.USB_ReadDevInEPInterrupt  stm32f4xx_ll_usb.o
    0x08002fb2   0x08002fb2   0x00000010   Code   RO           39    i.USB_ReadDevOutEPInterrupt  stm32f4xx_ll_usb.o
    0x08002fc2   0x08002fc2   0x00000008   Code   RO           40    i.USB_ReadInterrupts  stm32f4xx_ll_usb.o
    0x08002fca   0x08002fca   0x00000020   Code   RO           41    i.USB_ReadPacket    stm32f4xx_ll_usb.o
    0x08002fea   0x08002fea   0x0000002c   Code   RO           43    i.USB_SetCurrentMode  stm32f4xx_ll_usb.o
    0x08003016   0x08003016   0x00000022   Code   RO           44    i.USB_SetDevAddress  stm32f4xx_ll_usb.o
    0x08003038   0x08003038   0x00000028   Code   RO           48    i.USB_WritePacket   stm32f4xx_ll_usb.o
    0x08003060   0x08003060   0x00000002   Code   RO         3062    i.UsageFault_Handler  stm32f4xx_it.o
    0x08003062   0x08003062   0x00000002   PAD
    0x08003064   0x08003064   0x00000028   Code   RO         3577    i.__0sprintf$3      mc_w.l(printf3.o)
    0x0800308c   0x0800308c   0x0000000e   Code   RO         3823    i.__scatterload_copy  mc_w.l(handlers.o)
    0x0800309a   0x0800309a   0x00000002   Code   RO         3824    i.__scatterload_null  mc_w.l(handlers.o)
    0x0800309c   0x0800309c   0x0000000e   Code   RO         3825    i.__scatterload_zeroinit  mc_w.l(handlers.o)
    0x080030aa   0x080030aa   0x00000002   PAD
    0x080030ac   0x080030ac   0x000001b8   Code   RO         3582    i._printf_core      mc_w.l(printf3.o)
    0x08003264   0x08003264   0x0000000a   Code   RO         3584    i._sputc            mc_w.l(printf3.o)
    0x0800326e   0x0800326e   0x00000002   PAD
    0x08003270   0x08003270   0x00000050   Code   RO         3747    i.free              mc_w.l(malloc.o)
    0x080032c0   0x080032c0   0x00000108   Code   RO         3153    i.main              main.o
    0x080033c8   0x080033c8   0x0000006c   Code   RO         3748    i.malloc            mc_w.l(malloc.o)
    0x08003434   0x08003434   0x00000010   Data   RO         1537    .constdata          stm32f4xx_hal_rcc.o
    0x08003444   0x08003444   0x00000020   Data   RO         3821    Region$$Table       anon$$obj.o


    Execution Region RW_IRAM1 (Exec base: 0x20000000, Load base: 0x08003464, Size: 0x0000ca90, Max: 0x00020000, ABSOLUTE, COMPRESSED[0x000000c0])

    Exec Addr    Load Addr    Size         Type   Attr      Idx    E Section Name        Object

    0x20000000   COMPRESSED   0x00000004   Data   RW         1325    .data               stm32f4xx_hal.o
    0x20000004   COMPRESSED   0x00000001   Data   RW         2587    .data               usbd_ctlreq.o
    0x20000005   COMPRESSED   0x00000003   PAD
    0x20000008   COMPRESSED   0x000000db   Data   RW         2659    .data               usbd_cdc.o
    0x200000e3   COMPRESSED   0x00000001   PAD
    0x200000e4   COMPRESSED   0x00000038   Data   RW         2660    .data               usbd_cdc.o
    0x2000011c   COMPRESSED   0x00000004   Data   RW         2896    .data               system_stm32f4xx.o
    0x20000120   COMPRESSED   0x00000010   Data   RW         2943    .data               usbd_cdc_if.o
    0x20000130   COMPRESSED   0x00000018   Data   RW         3155    .data               main.o
    0x20000148   COMPRESSED   0x0000001c   Data   RW         3231    .data               usbd_desc.o
    0x20000164   COMPRESSED   0x00000016   Data   RW         3232    .data               usbd_desc.o
    0x2000017a   COMPRESSED   0x00000002   PAD
    0x2000017c   COMPRESSED   0x00000004   Data   RW         3796    .data               mc_w.l(mvars.o)
    0x20000180   COMPRESSED   0x00000004   Data   RW         3797    .data               mc_w.l(mvars.o)
    0x20000184        -       0x00000080   Zero   RW         2942    .bss                usbd_cdc_if.o
    0x20000204        -       0x00000224   Zero   RW         3018    .bss                usb_device.o
    0x20000428        -       0x00000078   Zero   RW         3154    .bss                main.o
    0x200004a0        -       0x00000200   Zero   RW         3230    .bss                usbd_desc.o
    0x200006a0        -       0x000003f0   Zero   RW         3319    .bss                usbd_conf.o
    0x20000a90        -       0x00004000   Zero   RW         2928    HEAP                startup_stm32f407xx.o
    0x20004a90        -       0x00008000   Zero   RW         2927    STACK               startup_stm32f407xx.o


==============================================================================

Image component sizes


      Code (inc. data)   RO Data    RW Data    ZI Data      Debug   Object Name

       954        156          0         24        120       6876   main.o
        36          8        392          0      49152        816   startup_stm32f407xx.o
       142         22          0          4          0       4471   stm32f4xx_hal.o
       228         14          0          0          0      32233   stm32f4xx_hal_cortex.o
       456         50          0          0          0       2523   stm32f4xx_hal_gpio.o
        88          0          0          0          0        534   stm32f4xx_hal_msp.o
      1954          0          0          0          0      11409   stm32f4xx_hal_pcd.o
        76          0          0          0          0       1880   stm32f4xx_hal_pcd_ex.o
      1292         48         16          0          0       4821   stm32f4xx_hal_rcc.o
       874         44          0          0          0       8313   stm32f4xx_hal_tim.o
         4          0          0          0          0       1642   stm32f4xx_hal_tim_ex.o
        60         12          0          0          0       5644   stm32f4xx_it.o
      2326         52          0          0          0     693640   stm32f4xx_ll_usb.o
        84         18          0          4          0       1191   system_stm32f4xx.o
        56         18          0          0        548        744   usb_device.o
       590         22          0        275          0      13302   usbd_cdc.o
       128         22          0         16        128       5079   usbd_cdc_if.o
       702         18          0          0       1008      14762   usbd_conf.o
       626          0          0          0          0      12206   usbd_core.o
       986         30          0          1          0       8088   usbd_ctlreq.o
       212        116          0         50        512       5239   usbd_desc.o
       132          0          0          0          0       8960   usbd_ioreq.o

    ----------------------------------------------------------------------
     12022        650        440        380      51468     844373   Object Totals
         0          0         32          0          0          0   (incl. Generated)
        16          0          0          6          0          0   (incl. Padding)

    ----------------------------------------------------------------------

      Code (inc. data)   RO Data    RW Data    ZI Data      Debug   Library Member Name

        86          0          0          0          0          0   __dczerorl2.o
         0          0          0          0          0          0   entry.o
         0          0          0          0          0          0   entry10a.o
         0          0          0          0          0          0   entry11a.o
         8          4          0          0          0          0   entry2.o
         4          0          0          0          0          0   entry5.o
         0          0          0          0          0          0   entry7b.o
         0          0          0          0          0          0   entry8b.o
         8          4          0          0          0          0   entry9a.o
        30          0          0          0          0          0   handlers.o
        36          8          0          0          0         68   init.o
       188         20          0          0          0        160   malloc.o
        36          0          0          0          0         68   memcpya.o
         0          0          0          8          0          0   mvars.o
       490         10          0          0          0        252   printf3.o
        14          0          0          0          0         68   strlen.o
        44          0          0          0          0         80   uidiv.o

    ----------------------------------------------------------------------
       950         46          0          8          0        696   Library Totals
         6          0          0          0          0          0   (incl. Padding)

    ----------------------------------------------------------------------

      Code (inc. data)   RO Data    RW Data    ZI Data      Debug   Library Name

       944         46          0          8          0        696   mc_w.l

    ----------------------------------------------------------------------
       950         46          0          8          0        696   Library Totals

    ----------------------------------------------------------------------

==============================================================================


      Code (inc. data)   RO Data    RW Data    ZI Data      Debug   

     12972        696        440        388      51468     827993   Grand Totals
     12972        696        440        192      51468     827993   ELF Image Totals (compressed)
     12972        696        440        192          0          0   ROM Totals

==============================================================================

    Total RO  Size (Code + RO Data)                13412 (  13.10kB)
    Total RW  Size (RW Data + ZI Data)             51856 (  50.64kB)
    Total ROM Size (Code + RO Data + RW Data)      13604 (  13.29kB)

==============================================================================

